15:11:45 **** Clean-only build of configuration Debug for project CMSISv1p30_LPC17xx ****
make clean 
rm -rf  ./src/core_cm3.o ./src/system_LPC17xx.o  ./src/core_cm3.d ./src/system_LPC17xx.d  libCMSISv1p30_LPC17xx.a
 
15:11:45 **** Build of configuration Debug for project CMSISv1p30_LPC17xx ****
make all 
Building file: ../src/core_cm3.c
Invoking: MCU C Compiler
arm-none-eabi-gcc -DDEBUG -D__CODE_RED -D__REDLIB__ -I"C:\Users\patricia\Documents\LPCXpresso_6.1.4_194\EC020_G10\CMSISv1p30_LPC17xx\inc" -O0 -g3 -Wall -c -fmessage-length=0 -fno-builtin -ffunction-sections -mcpu=cortex-m3 -mthumb -MMD -MP -MF"src/core_cm3.d" -MT"src/core_cm3.d" -o "src/core_cm3.o" "../src/core_cm3.c"
Finished building: ../src/core_cm3.c
 
Building file: ../src/system_LPC17xx.c
Invoking: MCU C Compiler
arm-none-eabi-gcc -DDEBUG -D__CODE_RED -D__REDLIB__ -I"C:\Users\patricia\Documents\LPCXpresso_6.1.4_194\EC020_G10\CMSISv1p30_LPC17xx\inc" -O0 -g3 -Wall -c -fmessage-length=0 -fno-builtin -ffunction-sections -mcpu=cortex-m3 -mthumb -MMD -MP -MF"src/system_LPC17xx.d" -MT"src/system_LPC17xx.d" -o "src/system_LPC17xx.o" "../src/system_LPC17xx.c"
Finished building: ../src/system_LPC17xx.c
 
Building target: libCMSISv1p30_LPC17xx.a
Invoking: MCU Archiver
arm-none-eabi-ar -r  "libCMSISv1p30_LPC17xx.a"  ./src/core_cm3.o ./src/system_LPC17xx.o   
c:\nxp\LPCXpresso_6.1.4_194\lpcxpresso\tools\bin\arm-none-eabi-ar.exe: creating libCMSISv1p30_LPC17xx.a
Finished building target: libCMSISv1p30_LPC17xx.a
 
make --no-print-directory post-build
Performing post-build steps
arm-none-eabi-size libCMSISv1p30_LPC17xx.a ; # arm-none-eabi-objdump -h -S libCMSISv1p30_LPC17xx.a >libCMSISv1p30_LPC17xx.lss
   text	   data	    bss	    dec	    hex	filename
    652	      0	      0	    652	    28c	core_cm3.o (ex libCMSISv1p30_LPC17xx.a)
   1276	      4	      0	   1280	    500	system_LPC17xx.o (ex libCMSISv1p30_LPC17xx.a)
 
15:11:46 **** Clean-only build of configuration Debug for project FreeRTOS_Library ****
make clean 
rm -rf  ./portable/heap_2.o ./portable/port.o  ./demo_code/basic_io.o ./demo_code/consoleprint.o  ./list.o ./queue.o ./tasks.o  ./portable/heap_2.d ./portable/port.d  ./demo_code/basic_io.d ./demo_code/consoleprint.d  ./list.d ./queue.d ./tasks.d  libFreeRTOS_Library.a
 
15:11:46 **** Build of configuration Debug for project FreeRTOS_Library ****
make all 
Building file: ../portable/heap_2.c
Invoking: MCU C Compiler
arm-none-eabi-gcc -D__REDLIB__ -I"C:\Users\patricia\Documents\LPCXpresso_6.1.4_194\EC020_G10\FreeRTOS_Library\include" -I"C:\Users\patricia\Documents\LPCXpresso_6.1.4_194\EC020_G10\CMSISv1p30_LPC17xx\inc" -I"C:\Users\patricia\Documents\LPCXpresso_6.1.4_194\EC020_G10\FreeRTOS_Library\portable" -I"C:\Users\patricia\Documents\LPCXpresso_6.1.4_194\EC020_G10\FreeRTOS_Library\demo_code" -O1 -g3 -Wall -c -fmessage-length=0 -mcpu=cortex-m3 -mthumb -MMD -MP -MF"portable/heap_2.d" -MT"portable/heap_2.d" -o "portable/heap_2.o" "../portable/heap_2.c"
Finished building: ../portable/heap_2.c
 
Building file: ../portable/port.c
Invoking: MCU C Compiler
arm-none-eabi-gcc -D__REDLIB__ -I"C:\Users\patricia\Documents\LPCXpresso_6.1.4_194\EC020_G10\FreeRTOS_Library\include" -I"C:\Users\patricia\Documents\LPCXpresso_6.1.4_194\EC020_G10\CMSISv1p30_LPC17xx\inc" -I"C:\Users\patricia\Documents\LPCXpresso_6.1.4_194\EC020_G10\FreeRTOS_Library\portable" -I"C:\Users\patricia\Documents\LPCXpresso_6.1.4_194\EC020_G10\FreeRTOS_Library\demo_code" -O1 -g3 -Wall -c -fmessage-length=0 -mcpu=cortex-m3 -mthumb -MMD -MP -MF"portable/port.d" -MT"portable/port.d" -o "portable/port.o" "../portable/port.c"
Finished building: ../portable/port.c
 
Building file: ../demo_code/basic_io.c
Invoking: MCU C Compiler
arm-none-eabi-gcc -D__REDLIB__ -I"C:\Users\patricia\Documents\LPCXpresso_6.1.4_194\EC020_G10\FreeRTOS_Library\include" -I"C:\Users\patricia\Documents\LPCXpresso_6.1.4_194\EC020_G10\CMSISv1p30_LPC17xx\inc" -I"C:\Users\patricia\Documents\LPCXpresso_6.1.4_194\EC020_G10\FreeRTOS_Library\portable" -I"C:\Users\patricia\Documents\LPCXpresso_6.1.4_194\EC020_G10\FreeRTOS_Library\demo_code" -O1 -g3 -Wall -c -fmessage-length=0 -mcpu=cortex-m3 -mthumb -MMD -MP -MF"demo_code/basic_io.d" -MT"demo_code/basic_io.d" -o "demo_code/basic_io.o" "../demo_code/basic_io.c"
Finished building: ../demo_code/basic_io.c
 
Building file: ../demo_code/consoleprint.c
Invoking: MCU C Compiler
arm-none-eabi-gcc -D__REDLIB__ -I"C:\Users\patricia\Documents\LPCXpresso_6.1.4_194\EC020_G10\FreeRTOS_Library\include" -I"C:\Users\patricia\Documents\LPCXpresso_6.1.4_194\EC020_G10\CMSISv1p30_LPC17xx\inc" -I"C:\Users\patricia\Documents\LPCXpresso_6.1.4_194\EC020_G10\FreeRTOS_Library\portable" -I"C:\Users\patricia\Documents\LPCXpresso_6.1.4_194\EC020_G10\FreeRTOS_Library\demo_code" -O1 -g3 -Wall -c -fmessage-length=0 -mcpu=cortex-m3 -mthumb -MMD -MP -MF"demo_code/consoleprint.d" -MT"demo_code/consoleprint.d" -o "demo_code/consoleprint.o" "../demo_code/consoleprint.c"
Finished building: ../demo_code/consoleprint.c
 
Building file: ../list.c
Invoking: MCU C Compiler
arm-none-eabi-gcc -D__REDLIB__ -I"C:\Users\patricia\Documents\LPCXpresso_6.1.4_194\EC020_G10\FreeRTOS_Library\include" -I"C:\Users\patricia\Documents\LPCXpresso_6.1.4_194\EC020_G10\CMSISv1p30_LPC17xx\inc" -I"C:\Users\patricia\Documents\LPCXpresso_6.1.4_194\EC020_G10\FreeRTOS_Library\portable" -I"C:\Users\patricia\Documents\LPCXpresso_6.1.4_194\EC020_G10\FreeRTOS_Library\demo_code" -O1 -g3 -Wall -c -fmessage-length=0 -mcpu=cortex-m3 -mthumb -MMD -MP -MF"list.d" -MT"list.d" -o "list.o" "../list.c"
Finished building: ../list.c
 
Building file: ../queue.c
Invoking: MCU C Compiler
arm-none-eabi-gcc -D__REDLIB__ -I"C:\Users\patricia\Documents\LPCXpresso_6.1.4_194\EC020_G10\FreeRTOS_Library\include" -I"C:\Users\patricia\Documents\LPCXpresso_6.1.4_194\EC020_G10\CMSISv1p30_LPC17xx\inc" -I"C:\Users\patricia\Documents\LPCXpresso_6.1.4_194\EC020_G10\FreeRTOS_Library\portable" -I"C:\Users\patricia\Documents\LPCXpresso_6.1.4_194\EC020_G10\FreeRTOS_Library\demo_code" -O1 -g3 -Wall -c -fmessage-length=0 -mcpu=cortex-m3 -mthumb -MMD -MP -MF"queue.d" -MT"queue.d" -o "queue.o" "../queue.c"
Finished building: ../queue.c
 
Building file: ../tasks.c
Invoking: MCU C Compiler
arm-none-eabi-gcc -D__REDLIB__ -I"C:\Users\patricia\Documents\LPCXpresso_6.1.4_194\EC020_G10\FreeRTOS_Library\include" -I"C:\Users\patricia\Documents\LPCXpresso_6.1.4_194\EC020_G10\CMSISv1p30_LPC17xx\inc" -I"C:\Users\patricia\Documents\LPCXpresso_6.1.4_194\EC020_G10\FreeRTOS_Library\portable" -I"C:\Users\patricia\Documents\LPCXpresso_6.1.4_194\EC020_G10\FreeRTOS_Library\demo_code" -O1 -g3 -Wall -c -fmessage-length=0 -mcpu=cortex-m3 -mthumb -MMD -MP -MF"tasks.d" -MT"tasks.d" -o "tasks.o" "../tasks.c"
Finished building: ../tasks.c
 
Building target: libFreeRTOS_Library.a
Invoking: MCU Archiver
arm-none-eabi-ar -r  "libFreeRTOS_Library.a"  ./portable/heap_2.o ./portable/port.o  ./demo_code/basic_io.o ./demo_code/consoleprint.o  ./list.o ./queue.o ./tasks.o   
c:\nxp\LPCXpresso_6.1.4_194\lpcxpresso\tools\bin\arm-none-eabi-ar.exe: creating libFreeRTOS_Library.a
Finished building target: libFreeRTOS_Library.a
 
make --no-print-directory post-build
Performing post-build steps
arm-none-eabi-size libFreeRTOS_Library.a ; # arm-none-eabi-objdump -h -S libFreeRTOS_Library.a >libFreeRTOS_Library.lss
   text	   data	    bss	    dec	    hex	filename
    320	      4	  10264	  10588	   295c	heap_2.o (ex libFreeRTOS_Library.a)
    344	      4	      0	    348	    15c	port.o (ex libFreeRTOS_Library.a)
     92	      0	     52	    144	     90	basic_io.o (ex libFreeRTOS_Library.a)
     24	      0	      0	     24	     18	consoleprint.o (ex libFreeRTOS_Library.a)
    164	      0	      0	    164	     a4	list.o (ex libFreeRTOS_Library.a)
   1252	      0	      0	   1252	    4e4	queue.o (ex libFreeRTOS_Library.a)
   3264	      0	    256	   3520	    dc0	tasks.o (ex libFreeRTOS_Library.a)
 
15:11:49 **** Clean-only build of configuration Debug for project Example11 ****
make clean 
rm -rf  ./cr_startup_lpc17.o ./ethmac.o ./ew_systick.o ./main.o ./tcpip.o  ./cr_startup_lpc17.d ./ethmac.d ./ew_systick.d ./main.d ./tcpip.d  Example11.axf
 
15:11:50 **** Build of configuration Debug for project Example11 ****
make all 
Building file: ../cr_startup_lpc17.c
Invoking: MCU C Compiler
arm-none-eabi-gcc -DDEBUG -D__USE_CMSIS=CMSISv1p30_LPC17xx -D__CODE_RED -D__REDLIB__ -I"C:\Users\patricia\Documents\LPCXpresso_6.1.4_194\EC020_G10\CMSISv1p30_LPC17xx\inc" -I"C:\Users\patricia\Documents\LPCXpresso_6.1.4_194\EC020_G10\FreeRTOS_Library\demo_code" -I"C:\Users\patricia\Documents\LPCXpresso_6.1.4_194\EC020_G10\FreeRTOS_Library\include" -I"C:\Users\patricia\Documents\LPCXpresso_6.1.4_194\EC020_G10\FreeRTOS_Library\portable" -I"C:\Users\patricia\Documents\LPCXpresso_6.1.4_194\EC020_G10\Lib_EaBaseBoard\inc" -I"C:\Users\patricia\Documents\LPCXpresso_6.1.4_194\EC020_G10\Lib_MCU\inc" -O0 -g3 -fsigned-char -c -fmessage-length=0 -fno-builtin -ffunction-sections -mcpu=cortex-m3 -mthumb -MMD -MP -MF"cr_startup_lpc17.d" -MT"cr_startup_lpc17.d" -o "cr_startup_lpc17.o" "../cr_startup_lpc17.c"
Finished building: ../cr_startup_lpc17.c
 
Building file: ../ethmac.c
Invoking: MCU C Compiler
arm-none-eabi-gcc -DDEBUG -D__USE_CMSIS=CMSISv1p30_LPC17xx -D__CODE_RED -D__REDLIB__ -I"C:\Users\patricia\Documents\LPCXpresso_6.1.4_194\EC020_G10\CMSISv1p30_LPC17xx\inc" -I"C:\Users\patricia\Documents\LPCXpresso_6.1.4_194\EC020_G10\FreeRTOS_Library\demo_code" -I"C:\Users\patricia\Documents\LPCXpresso_6.1.4_194\EC020_G10\FreeRTOS_Library\include" -I"C:\Users\patricia\Documents\LPCXpresso_6.1.4_194\EC020_G10\FreeRTOS_Library\portable" -I"C:\Users\patricia\Documents\LPCXpresso_6.1.4_194\EC020_G10\Lib_EaBaseBoard\inc" -I"C:\Users\patricia\Documents\LPCXpresso_6.1.4_194\EC020_G10\Lib_MCU\inc" -O0 -g3 -fsigned-char -c -fmessage-length=0 -fno-builtin -ffunction-sections -mcpu=cortex-m3 -mthumb -MMD -MP -MF"ethmac.d" -MT"ethmac.d" -o "ethmac.o" "../ethmac.c"
Finished building: ../ethmac.c
 
Building file: ../ew_systick.c
Invoking: MCU C Compiler
arm-none-eabi-gcc -DDEBUG -D__USE_CMSIS=CMSISv1p30_LPC17xx -D__CODE_RED -D__REDLIB__ -I"C:\Users\patricia\Documents\LPCXpresso_6.1.4_194\EC020_G10\CMSISv1p30_LPC17xx\inc" -I"C:\Users\patricia\Documents\LPCXpresso_6.1.4_194\EC020_G10\FreeRTOS_Library\demo_code" -I"C:\Users\patricia\Documents\LPCXpresso_6.1.4_194\EC020_G10\FreeRTOS_Library\include" -I"C:\Users\patricia\Documents\LPCXpresso_6.1.4_194\EC020_G10\FreeRTOS_Library\portable" -I"C:\Users\patricia\Documents\LPCXpresso_6.1.4_194\EC020_G10\Lib_EaBaseBoard\inc" -I"C:\Users\patricia\Documents\LPCXpresso_6.1.4_194\EC020_G10\Lib_MCU\inc" -O0 -g3 -fsigned-char -c -fmessage-length=0 -fno-builtin -ffunction-sections -mcpu=cortex-m3 -mthumb -MMD -MP -MF"ew_systick.d" -MT"ew_systick.d" -o "ew_systick.o" "../ew_systick.c"
Finished building: ../ew_systick.c
 
Building file: ../main.c
Invoking: MCU C Compiler
arm-none-eabi-gcc -DDEBUG -D__USE_CMSIS=CMSISv1p30_LPC17xx -D__CODE_RED -D__REDLIB__ -I"C:\Users\patricia\Documents\LPCXpresso_6.1.4_194\EC020_G10\CMSISv1p30_LPC17xx\inc" -I"C:\Users\patricia\Documents\LPCXpresso_6.1.4_194\EC020_G10\FreeRTOS_Library\demo_code" -I"C:\Users\patricia\Documents\LPCXpresso_6.1.4_194\EC020_G10\FreeRTOS_Library\include" -I"C:\Users\patricia\Documents\LPCXpresso_6.1.4_194\EC020_G10\FreeRTOS_Library\portable" -I"C:\Users\patricia\Documents\LPCXpresso_6.1.4_194\EC020_G10\Lib_EaBaseBoard\inc" -I"C:\Users\patricia\Documents\LPCXpresso_6.1.4_194\EC020_G10\Lib_MCU\inc" -O0 -g3 -fsigned-char -c -fmessage-length=0 -fno-builtin -ffunction-sections -mcpu=cortex-m3 -mthumb -MMD -MP -MF"main.d" -MT"main.d" -o "main.o" "../main.c"
../main.c:152:6: warning: conflicting types for 'HTTPServer' [enabled by default]
Finished building: ../main.c
../main.c:122:2: note: previous implicit declaration of 'HTTPServer' was here
 
../main.c:204:6: warning: conflicting types for 'InsertDynamicValues' [enabled by default]
Building file: ../tcpip.c
../main.c:178:5: note: previous implicit declaration of 'InsertDynamicValues' was here
Invoking: MCU C Compiler
arm-none-eabi-gcc -DDEBUG -D__USE_CMSIS=CMSISv1p30_LPC17xx -D__CODE_RED -D__REDLIB__ -I"C:\Users\patricia\Documents\LPCXpresso_6.1.4_194\EC020_G10\CMSISv1p30_LPC17xx\inc" -I"C:\Users\patricia\Documents\LPCXpresso_6.1.4_194\EC020_G10\FreeRTOS_Library\demo_code" -I"C:\Users\patricia\Documents\LPCXpresso_6.1.4_194\EC020_G10\FreeRTOS_Library\include" -I"C:\Users\patricia\Documents\LPCXpresso_6.1.4_194\EC020_G10\FreeRTOS_Library\portable" -I"C:\Users\patricia\Documents\LPCXpresso_6.1.4_194\EC020_G10\Lib_EaBaseBoard\inc" -I"C:\Users\patricia\Documents\LPCXpresso_6.1.4_194\EC020_G10\Lib_MCU\inc" -O0 -g3 -fsigned-char -c -fmessage-length=0 -fno-builtin -ffunction-sections -mcpu=cortex-m3 -mthumb -MMD -MP -MF"tcpip.d" -MT"tcpip.d" -o "tcpip.o" "../tcpip.c"
Finished building: ../tcpip.c
 
Building target: Example11.axf
Invoking: MCU Linker
arm-none-eabi-gcc -nostdlib -L"C:\Users\patricia\Documents\LPCXpresso_6.1.4_194\EC020_G10\CMSISv1p30_LPC17xx\Debug" -L"C:\Users\patricia\Documents\LPCXpresso_6.1.4_194\EC020_G10\CMSISv1p30_LPC17xx\inc" -L"C:\Users\patricia\Documents\LPCXpresso_6.1.4_194\EC020_G10\FreeRTOS_Library\Debug" -L"C:\Users\patricia\Documents\LPCXpresso_6.1.4_194\EC020_G10\Lib_EaBaseBoard\Debug" -L"C:\Users\patricia\Documents\LPCXpresso_6.1.4_194\EC020_G10\Lib_MCU\Debug" -Xlinker --gc-sections -Xlinker -Map=Example11.map -mcpu=cortex-m3 -mthumb -T "Example11_Debug.ld" -o "Example11.axf"  ./cr_startup_lpc17.o ./ethmac.o ./ew_systick.o ./main.o ./tcpip.o   -lCMSISv1p30_LPC17xx -lFreeRTOS_Library -lLib_EaBaseBoard -lLib_MCU
Finished building target: Example11.axf
 
make --no-print-directory post-build
Performing post-build steps
arm-none-eabi-size Example11.axf; # arm-none-eabi-objcopy -O ihex Example11.axf Example11.hex ;
   text	   data	    bss	    dec	    hex	filename
  30424	     12	  12728	  43164	   a89c	Example11.axf
 
15:12:01 **** Incremental Build of configuration Debug for project CMSISv1p30_LPC17xx ****
make all 
make: Nothing to be done for `all'.
15:12:01 **** Incremental Build of configuration Debug for project FreeRTOS_Library ****
make all 
make: Nothing to be done for `all'.
15:12:03 **** Incremental Build of configuration Debug for project Example11 ****
make all 
make: Nothing to be done for `all'.
15:12:13 **** Incremental Build of configuration Debug for project CMSISv1p30_LPC17xx ****
make all 
make: Nothing to be done for `all'.
15:12:14 **** Incremental Build of configuration Debug for project FreeRTOS_Library ****
make all 
make: Nothing to be done for `all'.
15:12:15 **** Incremental Build of configuration Debug for project Example11 ****
make all 
make: Nothing to be done for `all'.
15:14:49 **** Incremental Build of configuration Debug for project CMSISv1p30_LPC17xx ****
make all 
make: Nothing to be done for `all'.
15:14:50 **** Incremental Build of configuration Debug for project FreeRTOS_Library ****
make all 
make: Nothing to be done for `all'.
15:14:51 **** Incremental Build of configuration Debug for project Example11 ****
make all 
Building file: ../main.c
Invoking: MCU C Compiler
arm-none-eabi-gcc -DDEBUG -D__USE_CMSIS=CMSISv1p30_LPC17xx -D__CODE_RED -D__REDLIB__ -I"C:\Users\patricia\Documents\LPCXpresso_6.1.4_194\EC020_G10\CMSISv1p30_LPC17xx\inc" -I"C:\Users\patricia\Documents\LPCXpresso_6.1.4_194\EC020_G10\FreeRTOS_Library\demo_code" -I"C:\Users\patricia\Documents\LPCXpresso_6.1.4_194\EC020_G10\FreeRTOS_Library\include" -I"C:\Users\patricia\Documents\LPCXpresso_6.1.4_194\EC020_G10\FreeRTOS_Library\portable" -I"C:\Users\patricia\Documents\LPCXpresso_6.1.4_194\EC020_G10\Lib_EaBaseBoard\inc" -I"C:\Users\patricia\Documents\LPCXpresso_6.1.4_194\EC020_G10\Lib_MCU\inc" -O0 -g3 -fsigned-char -c -fmessage-length=0 -fno-builtin -ffunction-sections -mcpu=cortex-m3 -mthumb -MMD -MP -MF"main.d" -MT"main.d" -o "main.o" "../main.c"
../main.c:163:6: warning: conflicting types for 'HTTPServer' [enabled by default]
Finished building: ../main.c
../main.c:122:2: note: previous implicit declaration of 'HTTPServer' was here
 
../main.c:215:6: warning: conflicting types for 'InsertDynamicValues' [enabled by default]
Building target: Example11.axf
../main.c:189:5: note: previous implicit declaration of 'InsertDynamicValues' was here
Invoking: MCU Linker
arm-none-eabi-gcc -nostdlib -L"C:\Users\patricia\Documents\LPCXpresso_6.1.4_194\EC020_G10\CMSISv1p30_LPC17xx\Debug" -L"C:\Users\patricia\Documents\LPCXpresso_6.1.4_194\EC020_G10\CMSISv1p30_LPC17xx\inc" -L"C:\Users\patricia\Documents\LPCXpresso_6.1.4_194\EC020_G10\FreeRTOS_Library\Debug" -L"C:\Users\patricia\Documents\LPCXpresso_6.1.4_194\EC020_G10\Lib_EaBaseBoard\Debug" -L"C:\Users\patricia\Documents\LPCXpresso_6.1.4_194\EC020_G10\Lib_MCU\Debug" -Xlinker --gc-sections -Xlinker -Map=Example11.map -mcpu=cortex-m3 -mthumb -T "Example11_Debug.ld" -o "Example11.axf"  ./cr_startup_lpc17.o ./ethmac.o ./ew_systick.o ./main.o ./tcpip.o   -lCMSISv1p30_LPC17xx -lFreeRTOS_Library -lLib_EaBaseBoard -lLib_MCU
Finished building target: Example11.axf
 
make --no-print-directory post-build
Performing post-build steps
arm-none-eabi-size Example11.axf; # arm-none-eabi-objcopy -O ihex Example11.axf Example11.hex ;
   text	   data	    bss	    dec	    hex	filename
  35712	     12	  12736	  48460	   bd4c	Example11.axf
 
15:14:54 **** Incremental Build of configuration Debug for project CMSISv1p30_LPC17xx ****
make all 
make: Nothing to be done for `all'.
15:14:54 **** Incremental Build of configuration Debug for project FreeRTOS_Library ****
make all 
make: Nothing to be done for `all'.
15:14:55 **** Incremental Build of configuration Debug for project Example11 ****
make all 
make: Nothing to be done for `all'.
15:15:45 **** Incremental Build of configuration Debug for project CMSISv1p30_LPC17xx ****
make all 
make: Nothing to be done for `all'.
15:15:45 **** Incremental Build of configuration Debug for project FreeRTOS_Library ****
make all 
make: Nothing to be done for `all'.
15:15:47 **** Incremental Build of configuration Debug for project Example11 ****
make all 
Building file: ../main.c
Invoking: MCU C Compiler
arm-none-eabi-gcc -DDEBUG -D__USE_CMSIS=CMSISv1p30_LPC17xx -D__CODE_RED -D__REDLIB__ -I"C:\Users\patricia\Documents\LPCXpresso_6.1.4_194\EC020_G10\CMSISv1p30_LPC17xx\inc" -I"C:\Users\patricia\Documents\LPCXpresso_6.1.4_194\EC020_G10\FreeRTOS_Library\demo_code" -I"C:\Users\patricia\Documents\LPCXpresso_6.1.4_194\EC020_G10\FreeRTOS_Library\include" -I"C:\Users\patricia\Documents\LPCXpresso_6.1.4_194\EC020_G10\FreeRTOS_Library\portable" -I"C:\Users\patricia\Documents\LPCXpresso_6.1.4_194\EC020_G10\Lib_EaBaseBoard\inc" -I"C:\Users\patricia\Documents\LPCXpresso_6.1.4_194\EC020_G10\Lib_MCU\inc" -O0 -g3 -fsigned-char -c -fmessage-length=0 -fno-builtin -ffunction-sections -mcpu=cortex-m3 -mthumb -MMD -MP -MF"main.d" -MT"main.d" -o "main.o" "../main.c"
../main.c:163:6: warning: conflicting types for 'HTTPServer' [enabled by default]
Finished building: ../main.c
../main.c:122:2: note: previous implicit declaration of 'HTTPServer' was here
 
../main.c:215:6: warning: conflicting types for 'InsertDynamicValues' [enabled by default]
Building target: Example11.axf
../main.c:189:5: note: previous implicit declaration of 'InsertDynamicValues' was here
Invoking: MCU Linker
arm-none-eabi-gcc -nostdlib -L"C:\Users\patricia\Documents\LPCXpresso_6.1.4_194\EC020_G10\CMSISv1p30_LPC17xx\Debug" -L"C:\Users\patricia\Documents\LPCXpresso_6.1.4_194\EC020_G10\CMSISv1p30_LPC17xx\inc" -L"C:\Users\patricia\Documents\LPCXpresso_6.1.4_194\EC020_G10\FreeRTOS_Library\Debug" -L"C:\Users\patricia\Documents\LPCXpresso_6.1.4_194\EC020_G10\Lib_EaBaseBoard\Debug" -L"C:\Users\patricia\Documents\LPCXpresso_6.1.4_194\EC020_G10\Lib_MCU\Debug" -Xlinker --gc-sections -Xlinker -Map=Example11.map -mcpu=cortex-m3 -mthumb -T "Example11_Debug.ld" -o "Example11.axf"  ./cr_startup_lpc17.o ./ethmac.o ./ew_systick.o ./main.o ./tcpip.o   -lCMSISv1p30_LPC17xx -lFreeRTOS_Library -lLib_EaBaseBoard -lLib_MCU
Finished building target: Example11.axf
 
make --no-print-directory post-build
Performing post-build steps
arm-none-eabi-size Example11.axf; # arm-none-eabi-objcopy -O ihex Example11.axf Example11.hex ;
   text	   data	    bss	    dec	    hex	filename
  35512	     12	  12680	  48204	   bc4c	Example11.axf
 
15:15:53 **** Incremental Build of configuration Debug for project CMSISv1p30_LPC17xx ****
make all 
make: Nothing to be done for `all'.
15:15:54 **** Incremental Build of configuration Debug for project FreeRTOS_Library ****
make all 
make: Nothing to be done for `all'.
15:15:55 **** Incremental Build of configuration Debug for project Example11 ****
make all 
make: Nothing to be done for `all'.
15:15:57 **** Incremental Build of configuration Debug for project CMSISv1p30_LPC17xx ****
make all 
make: Nothing to be done for `all'.
15:15:57 **** Incremental Build of configuration Debug for project FreeRTOS_Library ****
make all 
make: Nothing to be done for `all'.
15:15:59 **** Incremental Build of configuration Debug for project Example11 ****
make all 
make: Nothing to be done for `all'.
15:19:16 **** Clean-only build of configuration Debug for project CMSISv1p30_LPC17xx ****
make clean 
rm -rf  ./src/core_cm3.o ./src/system_LPC17xx.o  ./src/core_cm3.d ./src/system_LPC17xx.d  libCMSISv1p30_LPC17xx.a
 
15:19:16 **** Clean-only build of configuration Debug for project FreeRTOS_Library ****
make clean 
rm -rf  ./portable/heap_2.o ./portable/port.o  ./demo_code/basic_io.o ./demo_code/consoleprint.o  ./list.o ./queue.o ./tasks.o  ./portable/heap_2.d ./portable/port.d  ./demo_code/basic_io.d ./demo_code/consoleprint.d  ./list.d ./queue.d ./tasks.d  libFreeRTOS_Library.a
 
15:19:16 **** Clean-only build of configuration Debug for project Example11 ****
make clean 
rm -rf  ./cr_startup_lpc17.o ./ethmac.o ./ew_systick.o ./main.o ./tcpip.o  ./cr_startup_lpc17.d ./ethmac.d ./ew_systick.d ./main.d ./tcpip.d  Example11.axf
 
15:19:18 **** Build of configuration Debug for project CMSISv1p30_LPC17xx ****
make all 
Building file: ../src/core_cm3.c
Invoking: MCU C Compiler
arm-none-eabi-gcc -DDEBUG -D__CODE_RED -D__REDLIB__ -I"C:\Users\patricia\Documents\LPCXpresso_6.1.4_194\EC020_G10\CMSISv1p30_LPC17xx\inc" -O0 -g3 -Wall -c -fmessage-length=0 -fno-builtin -ffunction-sections -mcpu=cortex-m3 -mthumb -MMD -MP -MF"src/core_cm3.d" -MT"src/core_cm3.d" -o "src/core_cm3.o" "../src/core_cm3.c"
Finished building: ../src/core_cm3.c
 
Building file: ../src/system_LPC17xx.c
Invoking: MCU C Compiler
arm-none-eabi-gcc -DDEBUG -D__CODE_RED -D__REDLIB__ -I"C:\Users\patricia\Documents\LPCXpresso_6.1.4_194\EC020_G10\CMSISv1p30_LPC17xx\inc" -O0 -g3 -Wall -c -fmessage-length=0 -fno-builtin -ffunction-sections -mcpu=cortex-m3 -mthumb -MMD -MP -MF"src/system_LPC17xx.d" -MT"src/system_LPC17xx.d" -o "src/system_LPC17xx.o" "../src/system_LPC17xx.c"
Finished building: ../src/system_LPC17xx.c
 
Building target: libCMSISv1p30_LPC17xx.a
Invoking: MCU Archiver
arm-none-eabi-ar -r  "libCMSISv1p30_LPC17xx.a"  ./src/core_cm3.o ./src/system_LPC17xx.o   
c:\nxp\LPCXpresso_6.1.4_194\lpcxpresso\tools\bin\arm-none-eabi-ar.exe: creating libCMSISv1p30_LPC17xx.a
Finished building target: libCMSISv1p30_LPC17xx.a
 
make --no-print-directory post-build
Performing post-build steps
arm-none-eabi-size libCMSISv1p30_LPC17xx.a ; # arm-none-eabi-objdump -h -S libCMSISv1p30_LPC17xx.a >libCMSISv1p30_LPC17xx.lss
   text	   data	    bss	    dec	    hex	filename
    652	      0	      0	    652	    28c	core_cm3.o (ex libCMSISv1p30_LPC17xx.a)
   1276	      4	      0	   1280	    500	system_LPC17xx.o (ex libCMSISv1p30_LPC17xx.a)
 
15:19:19 **** Build of configuration Debug for project FreeRTOS_Library ****
make all 
Building file: ../portable/heap_2.c
Invoking: MCU C Compiler
arm-none-eabi-gcc -D__REDLIB__ -I"C:\Users\patricia\Documents\LPCXpresso_6.1.4_194\EC020_G10\FreeRTOS_Library\include" -I"C:\Users\patricia\Documents\LPCXpresso_6.1.4_194\EC020_G10\CMSISv1p30_LPC17xx\inc" -I"C:\Users\patricia\Documents\LPCXpresso_6.1.4_194\EC020_G10\FreeRTOS_Library\portable" -I"C:\Users\patricia\Documents\LPCXpresso_6.1.4_194\EC020_G10\FreeRTOS_Library\demo_code" -O1 -g3 -Wall -c -fmessage-length=0 -mcpu=cortex-m3 -mthumb -MMD -MP -MF"portable/heap_2.d" -MT"portable/heap_2.d" -o "portable/heap_2.o" "../portable/heap_2.c"
Finished building: ../portable/heap_2.c
 
Building file: ../portable/port.c
Invoking: MCU C Compiler
arm-none-eabi-gcc -D__REDLIB__ -I"C:\Users\patricia\Documents\LPCXpresso_6.1.4_194\EC020_G10\FreeRTOS_Library\include" -I"C:\Users\patricia\Documents\LPCXpresso_6.1.4_194\EC020_G10\CMSISv1p30_LPC17xx\inc" -I"C:\Users\patricia\Documents\LPCXpresso_6.1.4_194\EC020_G10\FreeRTOS_Library\portable" -I"C:\Users\patricia\Documents\LPCXpresso_6.1.4_194\EC020_G10\FreeRTOS_Library\demo_code" -O1 -g3 -Wall -c -fmessage-length=0 -mcpu=cortex-m3 -mthumb -MMD -MP -MF"portable/port.d" -MT"portable/port.d" -o "portable/port.o" "../portable/port.c"
Finished building: ../portable/port.c
 
Building file: ../demo_code/basic_io.c
Invoking: MCU C Compiler
arm-none-eabi-gcc -D__REDLIB__ -I"C:\Users\patricia\Documents\LPCXpresso_6.1.4_194\EC020_G10\FreeRTOS_Library\include" -I"C:\Users\patricia\Documents\LPCXpresso_6.1.4_194\EC020_G10\CMSISv1p30_LPC17xx\inc" -I"C:\Users\patricia\Documents\LPCXpresso_6.1.4_194\EC020_G10\FreeRTOS_Library\portable" -I"C:\Users\patricia\Documents\LPCXpresso_6.1.4_194\EC020_G10\FreeRTOS_Library\demo_code" -O1 -g3 -Wall -c -fmessage-length=0 -mcpu=cortex-m3 -mthumb -MMD -MP -MF"demo_code/basic_io.d" -MT"demo_code/basic_io.d" -o "demo_code/basic_io.o" "../demo_code/basic_io.c"
Finished building: ../demo_code/basic_io.c
 
Building file: ../demo_code/consoleprint.c
Invoking: MCU C Compiler
arm-none-eabi-gcc -D__REDLIB__ -I"C:\Users\patricia\Documents\LPCXpresso_6.1.4_194\EC020_G10\FreeRTOS_Library\include" -I"C:\Users\patricia\Documents\LPCXpresso_6.1.4_194\EC020_G10\CMSISv1p30_LPC17xx\inc" -I"C:\Users\patricia\Documents\LPCXpresso_6.1.4_194\EC020_G10\FreeRTOS_Library\portable" -I"C:\Users\patricia\Documents\LPCXpresso_6.1.4_194\EC020_G10\FreeRTOS_Library\demo_code" -O1 -g3 -Wall -c -fmessage-length=0 -mcpu=cortex-m3 -mthumb -MMD -MP -MF"demo_code/consoleprint.d" -MT"demo_code/consoleprint.d" -o "demo_code/consoleprint.o" "../demo_code/consoleprint.c"
Finished building: ../demo_code/consoleprint.c
 
Building file: ../list.c
Invoking: MCU C Compiler
arm-none-eabi-gcc -D__REDLIB__ -I"C:\Users\patricia\Documents\LPCXpresso_6.1.4_194\EC020_G10\FreeRTOS_Library\include" -I"C:\Users\patricia\Documents\LPCXpresso_6.1.4_194\EC020_G10\CMSISv1p30_LPC17xx\inc" -I"C:\Users\patricia\Documents\LPCXpresso_6.1.4_194\EC020_G10\FreeRTOS_Library\portable" -I"C:\Users\patricia\Documents\LPCXpresso_6.1.4_194\EC020_G10\FreeRTOS_Library\demo_code" -O1 -g3 -Wall -c -fmessage-length=0 -mcpu=cortex-m3 -mthumb -MMD -MP -MF"list.d" -MT"list.d" -o "list.o" "../list.c"
Finished building: ../list.c
 
Building file: ../queue.c
Invoking: MCU C Compiler
arm-none-eabi-gcc -D__REDLIB__ -I"C:\Users\patricia\Documents\LPCXpresso_6.1.4_194\EC020_G10\FreeRTOS_Library\include" -I"C:\Users\patricia\Documents\LPCXpresso_6.1.4_194\EC020_G10\CMSISv1p30_LPC17xx\inc" -I"C:\Users\patricia\Documents\LPCXpresso_6.1.4_194\EC020_G10\FreeRTOS_Library\portable" -I"C:\Users\patricia\Documents\LPCXpresso_6.1.4_194\EC020_G10\FreeRTOS_Library\demo_code" -O1 -g3 -Wall -c -fmessage-length=0 -mcpu=cortex-m3 -mthumb -MMD -MP -MF"queue.d" -MT"queue.d" -o "queue.o" "../queue.c"
Finished building: ../queue.c
 
Building file: ../tasks.c
Invoking: MCU C Compiler
arm-none-eabi-gcc -D__REDLIB__ -I"C:\Users\patricia\Documents\LPCXpresso_6.1.4_194\EC020_G10\FreeRTOS_Library\include" -I"C:\Users\patricia\Documents\LPCXpresso_6.1.4_194\EC020_G10\CMSISv1p30_LPC17xx\inc" -I"C:\Users\patricia\Documents\LPCXpresso_6.1.4_194\EC020_G10\FreeRTOS_Library\portable" -I"C:\Users\patricia\Documents\LPCXpresso_6.1.4_194\EC020_G10\FreeRTOS_Library\demo_code" -O1 -g3 -Wall -c -fmessage-length=0 -mcpu=cortex-m3 -mthumb -MMD -MP -MF"tasks.d" -MT"tasks.d" -o "tasks.o" "../tasks.c"
Finished building: ../tasks.c
 
Building target: libFreeRTOS_Library.a
Invoking: MCU Archiver
arm-none-eabi-ar -r  "libFreeRTOS_Library.a"  ./portable/heap_2.o ./portable/port.o  ./demo_code/basic_io.o ./demo_code/consoleprint.o  ./list.o ./queue.o ./tasks.o   
c:\nxp\LPCXpresso_6.1.4_194\lpcxpresso\tools\bin\arm-none-eabi-ar.exe: creating libFreeRTOS_Library.a
Finished building target: libFreeRTOS_Library.a
 
make --no-print-directory post-build
Performing post-build steps
arm-none-eabi-size libFreeRTOS_Library.a ; # arm-none-eabi-objdump -h -S libFreeRTOS_Library.a >libFreeRTOS_Library.lss
   text	   data	    bss	    dec	    hex	filename
    320	      4	  10264	  10588	   295c	heap_2.o (ex libFreeRTOS_Library.a)
    344	      4	      0	    348	    15c	port.o (ex libFreeRTOS_Library.a)
     92	      0	     52	    144	     90	basic_io.o (ex libFreeRTOS_Library.a)
     24	      0	      0	     24	     18	consoleprint.o (ex libFreeRTOS_Library.a)
    164	      0	      0	    164	     a4	list.o (ex libFreeRTOS_Library.a)
   1252	      0	      0	   1252	    4e4	queue.o (ex libFreeRTOS_Library.a)
   3264	      0	    256	   3520	    dc0	tasks.o (ex libFreeRTOS_Library.a)
 
15:19:22 **** Build of configuration Debug for project Example11 ****
make all 
Building file: ../cr_startup_lpc17.c
Invoking: MCU C Compiler
arm-none-eabi-gcc -DDEBUG -D__USE_CMSIS=CMSISv1p30_LPC17xx -D__CODE_RED -D__REDLIB__ -I"C:\Users\patricia\Documents\LPCXpresso_6.1.4_194\EC020_G10\CMSISv1p30_LPC17xx\inc" -I"C:\Users\patricia\Documents\LPCXpresso_6.1.4_194\EC020_G10\FreeRTOS_Library\demo_code" -I"C:\Users\patricia\Documents\LPCXpresso_6.1.4_194\EC020_G10\FreeRTOS_Library\include" -I"C:\Users\patricia\Documents\LPCXpresso_6.1.4_194\EC020_G10\FreeRTOS_Library\portable" -I"C:\Users\patricia\Documents\LPCXpresso_6.1.4_194\EC020_G10\Lib_EaBaseBoard\inc" -I"C:\Users\patricia\Documents\LPCXpresso_6.1.4_194\EC020_G10\Lib_MCU\inc" -O0 -g3 -fsigned-char -c -fmessage-length=0 -fno-builtin -ffunction-sections -mcpu=cortex-m3 -mthumb -MMD -MP -MF"cr_startup_lpc17.d" -MT"cr_startup_lpc17.d" -o "cr_startup_lpc17.o" "../cr_startup_lpc17.c"
Finished building: ../cr_startup_lpc17.c
 
Building file: ../ethmac.c
Invoking: MCU C Compiler
arm-none-eabi-gcc -DDEBUG -D__USE_CMSIS=CMSISv1p30_LPC17xx -D__CODE_RED -D__REDLIB__ -I"C:\Users\patricia\Documents\LPCXpresso_6.1.4_194\EC020_G10\CMSISv1p30_LPC17xx\inc" -I"C:\Users\patricia\Documents\LPCXpresso_6.1.4_194\EC020_G10\FreeRTOS_Library\demo_code" -I"C:\Users\patricia\Documents\LPCXpresso_6.1.4_194\EC020_G10\FreeRTOS_Library\include" -I"C:\Users\patricia\Documents\LPCXpresso_6.1.4_194\EC020_G10\FreeRTOS_Library\portable" -I"C:\Users\patricia\Documents\LPCXpresso_6.1.4_194\EC020_G10\Lib_EaBaseBoard\inc" -I"C:\Users\patricia\Documents\LPCXpresso_6.1.4_194\EC020_G10\Lib_MCU\inc" -O0 -g3 -fsigned-char -c -fmessage-length=0 -fno-builtin -ffunction-sections -mcpu=cortex-m3 -mthumb -MMD -MP -MF"ethmac.d" -MT"ethmac.d" -o "ethmac.o" "../ethmac.c"
Finished building: ../ethmac.c
 
Building file: ../ew_systick.c
Invoking: MCU C Compiler
arm-none-eabi-gcc -DDEBUG -D__USE_CMSIS=CMSISv1p30_LPC17xx -D__CODE_RED -D__REDLIB__ -I"C:\Users\patricia\Documents\LPCXpresso_6.1.4_194\EC020_G10\CMSISv1p30_LPC17xx\inc" -I"C:\Users\patricia\Documents\LPCXpresso_6.1.4_194\EC020_G10\FreeRTOS_Library\demo_code" -I"C:\Users\patricia\Documents\LPCXpresso_6.1.4_194\EC020_G10\FreeRTOS_Library\include" -I"C:\Users\patricia\Documents\LPCXpresso_6.1.4_194\EC020_G10\FreeRTOS_Library\portable" -I"C:\Users\patricia\Documents\LPCXpresso_6.1.4_194\EC020_G10\Lib_EaBaseBoard\inc" -I"C:\Users\patricia\Documents\LPCXpresso_6.1.4_194\EC020_G10\Lib_MCU\inc" -O0 -g3 -fsigned-char -c -fmessage-length=0 -fno-builtin -ffunction-sections -mcpu=cortex-m3 -mthumb -MMD -MP -MF"ew_systick.d" -MT"ew_systick.d" -o "ew_systick.o" "../ew_systick.c"
Finished building: ../ew_systick.c
 
Building file: ../main.c
Invoking: MCU C Compiler
arm-none-eabi-gcc -DDEBUG -D__USE_CMSIS=CMSISv1p30_LPC17xx -D__CODE_RED -D__REDLIB__ -I"C:\Users\patricia\Documents\LPCXpresso_6.1.4_194\EC020_G10\CMSISv1p30_LPC17xx\inc" -I"C:\Users\patricia\Documents\LPCXpresso_6.1.4_194\EC020_G10\FreeRTOS_Library\demo_code" -I"C:\Users\patricia\Documents\LPCXpresso_6.1.4_194\EC020_G10\FreeRTOS_Library\include" -I"C:\Users\patricia\Documents\LPCXpresso_6.1.4_194\EC020_G10\FreeRTOS_Library\portable" -I"C:\Users\patricia\Documents\LPCXpresso_6.1.4_194\EC020_G10\Lib_EaBaseBoard\inc" -I"C:\Users\patricia\Documents\LPCXpresso_6.1.4_194\EC020_G10\Lib_MCU\inc" -O0 -g3 -fsigned-char -c -fmessage-length=0 -fno-builtin -ffunction-sections -mcpu=cortex-m3 -mthumb -MMD -MP -MF"main.d" -MT"main.d" -o "main.o" "../main.c"
../main.c:163:6: warning: conflicting types for 'HTTPServer' [enabled by default]
../main.c:122:2: note: previous implicit declaration of 'HTTPServer' was here
Finished building: ../main.c
../main.c:215:6: warning: conflicting types for 'InsertDynamicValues' [enabled by default]
 
../main.c:189:5: note: previous implicit declaration of 'InsertDynamicValues' was here
Building file: ../tcpip.c
Invoking: MCU C Compiler
arm-none-eabi-gcc -DDEBUG -D__USE_CMSIS=CMSISv1p30_LPC17xx -D__CODE_RED -D__REDLIB__ -I"C:\Users\patricia\Documents\LPCXpresso_6.1.4_194\EC020_G10\CMSISv1p30_LPC17xx\inc" -I"C:\Users\patricia\Documents\LPCXpresso_6.1.4_194\EC020_G10\FreeRTOS_Library\demo_code" -I"C:\Users\patricia\Documents\LPCXpresso_6.1.4_194\EC020_G10\FreeRTOS_Library\include" -I"C:\Users\patricia\Documents\LPCXpresso_6.1.4_194\EC020_G10\FreeRTOS_Library\portable" -I"C:\Users\patricia\Documents\LPCXpresso_6.1.4_194\EC020_G10\Lib_EaBaseBoard\inc" -I"C:\Users\patricia\Documents\LPCXpresso_6.1.4_194\EC020_G10\Lib_MCU\inc" -O0 -g3 -fsigned-char -c -fmessage-length=0 -fno-builtin -ffunction-sections -mcpu=cortex-m3 -mthumb -MMD -MP -MF"tcpip.d" -MT"tcpip.d" -o "tcpip.o" "../tcpip.c"
Finished building: ../tcpip.c
 
Building target: Example11.axf
Invoking: MCU Linker
arm-none-eabi-gcc -nostdlib -L"C:\Users\patricia\Documents\LPCXpresso_6.1.4_194\EC020_G10\CMSISv1p30_LPC17xx\Debug" -L"C:\Users\patricia\Documents\LPCXpresso_6.1.4_194\EC020_G10\CMSISv1p30_LPC17xx\inc" -L"C:\Users\patricia\Documents\LPCXpresso_6.1.4_194\EC020_G10\FreeRTOS_Library\Debug" -L"C:\Users\patricia\Documents\LPCXpresso_6.1.4_194\EC020_G10\Lib_EaBaseBoard\Debug" -L"C:\Users\patricia\Documents\LPCXpresso_6.1.4_194\EC020_G10\Lib_MCU\Debug" -Xlinker --gc-sections -Xlinker -Map=Example11.map -mcpu=cortex-m3 -mthumb -T "Example11_Debug.ld" -o "Example11.axf"  ./cr_startup_lpc17.o ./ethmac.o ./ew_systick.o ./main.o ./tcpip.o   -lCMSISv1p30_LPC17xx -lFreeRTOS_Library -lLib_EaBaseBoard -lLib_MCU
Finished building target: Example11.axf
 
make --no-print-directory post-build
Performing post-build steps
arm-none-eabi-size Example11.axf; # arm-none-eabi-objcopy -O ihex Example11.axf Example11.hex ;
   text	   data	    bss	    dec	    hex	filename
  31512	      4	   2168	  33684	   8394	Example11.axf
 
15:19:26 **** Incremental Build of configuration Debug for project CMSISv1p30_LPC17xx ****
make all 
make: Nothing to be done for `all'.
15:19:27 **** Incremental Build of configuration Debug for project FreeRTOS_Library ****
make all 
make: Nothing to be done for `all'.
15:19:28 **** Incremental Build of configuration Debug for project Example11 ****
make all 
make: Nothing to be done for `all'.
15:21:05 **** Clean-only build of configuration Debug for project CMSISv1p30_LPC17xx ****
make clean 
rm -rf  ./src/core_cm3.o ./src/system_LPC17xx.o  ./src/core_cm3.d ./src/system_LPC17xx.d  libCMSISv1p30_LPC17xx.a
 
15:21:05 **** Clean-only build of configuration Debug for project FreeRTOS_Library ****
make clean 
rm -rf  ./portable/heap_2.o ./portable/port.o  ./demo_code/basic_io.o ./demo_code/consoleprint.o  ./list.o ./queue.o ./tasks.o  ./portable/heap_2.d ./portable/port.d  ./demo_code/basic_io.d ./demo_code/consoleprint.d  ./list.d ./queue.d ./tasks.d  libFreeRTOS_Library.a
 
15:21:05 **** Clean-only build of configuration Debug for project Example11 ****
make clean 
rm -rf  ./cr_startup_lpc17.o ./ethmac.o ./ew_systick.o ./main.o ./tcpip.o  ./cr_startup_lpc17.d ./ethmac.d ./ew_systick.d ./main.d ./tcpip.d  Example11.axf
 
15:21:51 **** Build of configuration Debug for project CMSISv1p30_LPC17xx ****
make all 
Building file: ../src/core_cm3.c
Invoking: MCU C Compiler
arm-none-eabi-gcc -DDEBUG -D__CODE_RED -D__REDLIB__ -I"C:\Users\patricia\Documents\LPCXpresso_6.1.4_194\EC020_G10\CMSISv1p30_LPC17xx\inc" -O0 -g3 -Wall -c -fmessage-length=0 -fno-builtin -ffunction-sections -mcpu=cortex-m3 -mthumb -MMD -MP -MF"src/core_cm3.d" -MT"src/core_cm3.d" -o "src/core_cm3.o" "../src/core_cm3.c"
Finished building: ../src/core_cm3.c
 
Building file: ../src/system_LPC17xx.c
Invoking: MCU C Compiler
arm-none-eabi-gcc -DDEBUG -D__CODE_RED -D__REDLIB__ -I"C:\Users\patricia\Documents\LPCXpresso_6.1.4_194\EC020_G10\CMSISv1p30_LPC17xx\inc" -O0 -g3 -Wall -c -fmessage-length=0 -fno-builtin -ffunction-sections -mcpu=cortex-m3 -mthumb -MMD -MP -MF"src/system_LPC17xx.d" -MT"src/system_LPC17xx.d" -o "src/system_LPC17xx.o" "../src/system_LPC17xx.c"
Finished building: ../src/system_LPC17xx.c
 
Building target: libCMSISv1p30_LPC17xx.a
Invoking: MCU Archiver
arm-none-eabi-ar -r  "libCMSISv1p30_LPC17xx.a"  ./src/core_cm3.o ./src/system_LPC17xx.o   
c:\nxp\LPCXpresso_6.1.4_194\lpcxpresso\tools\bin\arm-none-eabi-ar.exe: creating libCMSISv1p30_LPC17xx.a
Finished building target: libCMSISv1p30_LPC17xx.a
 
make --no-print-directory post-build
Performing post-build steps
arm-none-eabi-size libCMSISv1p30_LPC17xx.a ; # arm-none-eabi-objdump -h -S libCMSISv1p30_LPC17xx.a >libCMSISv1p30_LPC17xx.lss
   text	   data	    bss	    dec	    hex	filename
    652	      0	      0	    652	    28c	core_cm3.o (ex libCMSISv1p30_LPC17xx.a)
   1276	      4	      0	   1280	    500	system_LPC17xx.o (ex libCMSISv1p30_LPC17xx.a)
 
15:21:52 **** Build of configuration Debug for project FreeRTOS_Library ****
make all 
Building file: ../portable/heap_2.c
Invoking: MCU C Compiler
arm-none-eabi-gcc -D__REDLIB__ -I"C:\Users\patricia\Documents\LPCXpresso_6.1.4_194\EC020_G10\FreeRTOS_Library\include" -I"C:\Users\patricia\Documents\LPCXpresso_6.1.4_194\EC020_G10\CMSISv1p30_LPC17xx\inc" -I"C:\Users\patricia\Documents\LPCXpresso_6.1.4_194\EC020_G10\FreeRTOS_Library\portable" -I"C:\Users\patricia\Documents\LPCXpresso_6.1.4_194\EC020_G10\FreeRTOS_Library\demo_code" -O1 -g3 -Wall -c -fmessage-length=0 -mcpu=cortex-m3 -mthumb -MMD -MP -MF"portable/heap_2.d" -MT"portable/heap_2.d" -o "portable/heap_2.o" "../portable/heap_2.c"
Finished building: ../portable/heap_2.c
 
Building file: ../portable/port.c
Invoking: MCU C Compiler
arm-none-eabi-gcc -D__REDLIB__ -I"C:\Users\patricia\Documents\LPCXpresso_6.1.4_194\EC020_G10\FreeRTOS_Library\include" -I"C:\Users\patricia\Documents\LPCXpresso_6.1.4_194\EC020_G10\CMSISv1p30_LPC17xx\inc" -I"C:\Users\patricia\Documents\LPCXpresso_6.1.4_194\EC020_G10\FreeRTOS_Library\portable" -I"C:\Users\patricia\Documents\LPCXpresso_6.1.4_194\EC020_G10\FreeRTOS_Library\demo_code" -O1 -g3 -Wall -c -fmessage-length=0 -mcpu=cortex-m3 -mthumb -MMD -MP -MF"portable/port.d" -MT"portable/port.d" -o "portable/port.o" "../portable/port.c"
Finished building: ../portable/port.c
 
Building file: ../demo_code/basic_io.c
Invoking: MCU C Compiler
arm-none-eabi-gcc -D__REDLIB__ -I"C:\Users\patricia\Documents\LPCXpresso_6.1.4_194\EC020_G10\FreeRTOS_Library\include" -I"C:\Users\patricia\Documents\LPCXpresso_6.1.4_194\EC020_G10\CMSISv1p30_LPC17xx\inc" -I"C:\Users\patricia\Documents\LPCXpresso_6.1.4_194\EC020_G10\FreeRTOS_Library\portable" -I"C:\Users\patricia\Documents\LPCXpresso_6.1.4_194\EC020_G10\FreeRTOS_Library\demo_code" -O1 -g3 -Wall -c -fmessage-length=0 -mcpu=cortex-m3 -mthumb -MMD -MP -MF"demo_code/basic_io.d" -MT"demo_code/basic_io.d" -o "demo_code/basic_io.o" "../demo_code/basic_io.c"
Finished building: ../demo_code/basic_io.c
 
Building file: ../demo_code/consoleprint.c
Invoking: MCU C Compiler
arm-none-eabi-gcc -D__REDLIB__ -I"C:\Users\patricia\Documents\LPCXpresso_6.1.4_194\EC020_G10\FreeRTOS_Library\include" -I"C:\Users\patricia\Documents\LPCXpresso_6.1.4_194\EC020_G10\CMSISv1p30_LPC17xx\inc" -I"C:\Users\patricia\Documents\LPCXpresso_6.1.4_194\EC020_G10\FreeRTOS_Library\portable" -I"C:\Users\patricia\Documents\LPCXpresso_6.1.4_194\EC020_G10\FreeRTOS_Library\demo_code" -O1 -g3 -Wall -c -fmessage-length=0 -mcpu=cortex-m3 -mthumb -MMD -MP -MF"demo_code/consoleprint.d" -MT"demo_code/consoleprint.d" -o "demo_code/consoleprint.o" "../demo_code/consoleprint.c"
Finished building: ../demo_code/consoleprint.c
 
Building file: ../list.c
Invoking: MCU C Compiler
arm-none-eabi-gcc -D__REDLIB__ -I"C:\Users\patricia\Documents\LPCXpresso_6.1.4_194\EC020_G10\FreeRTOS_Library\include" -I"C:\Users\patricia\Documents\LPCXpresso_6.1.4_194\EC020_G10\CMSISv1p30_LPC17xx\inc" -I"C:\Users\patricia\Documents\LPCXpresso_6.1.4_194\EC020_G10\FreeRTOS_Library\portable" -I"C:\Users\patricia\Documents\LPCXpresso_6.1.4_194\EC020_G10\FreeRTOS_Library\demo_code" -O1 -g3 -Wall -c -fmessage-length=0 -mcpu=cortex-m3 -mthumb -MMD -MP -MF"list.d" -MT"list.d" -o "list.o" "../list.c"
Finished building: ../list.c
 
Building file: ../queue.c
Invoking: MCU C Compiler
arm-none-eabi-gcc -D__REDLIB__ -I"C:\Users\patricia\Documents\LPCXpresso_6.1.4_194\EC020_G10\FreeRTOS_Library\include" -I"C:\Users\patricia\Documents\LPCXpresso_6.1.4_194\EC020_G10\CMSISv1p30_LPC17xx\inc" -I"C:\Users\patricia\Documents\LPCXpresso_6.1.4_194\EC020_G10\FreeRTOS_Library\portable" -I"C:\Users\patricia\Documents\LPCXpresso_6.1.4_194\EC020_G10\FreeRTOS_Library\demo_code" -O1 -g3 -Wall -c -fmessage-length=0 -mcpu=cortex-m3 -mthumb -MMD -MP -MF"queue.d" -MT"queue.d" -o "queue.o" "../queue.c"
Finished building: ../queue.c
 
Building file: ../tasks.c
Invoking: MCU C Compiler
arm-none-eabi-gcc -D__REDLIB__ -I"C:\Users\patricia\Documents\LPCXpresso_6.1.4_194\EC020_G10\FreeRTOS_Library\include" -I"C:\Users\patricia\Documents\LPCXpresso_6.1.4_194\EC020_G10\CMSISv1p30_LPC17xx\inc" -I"C:\Users\patricia\Documents\LPCXpresso_6.1.4_194\EC020_G10\FreeRTOS_Library\portable" -I"C:\Users\patricia\Documents\LPCXpresso_6.1.4_194\EC020_G10\FreeRTOS_Library\demo_code" -O1 -g3 -Wall -c -fmessage-length=0 -mcpu=cortex-m3 -mthumb -MMD -MP -MF"tasks.d" -MT"tasks.d" -o "tasks.o" "../tasks.c"
Finished building: ../tasks.c
 
Building target: libFreeRTOS_Library.a
Invoking: MCU Archiver
arm-none-eabi-ar -r  "libFreeRTOS_Library.a"  ./portable/heap_2.o ./portable/port.o  ./demo_code/basic_io.o ./demo_code/consoleprint.o  ./list.o ./queue.o ./tasks.o   
c:\nxp\LPCXpresso_6.1.4_194\lpcxpresso\tools\bin\arm-none-eabi-ar.exe: creating libFreeRTOS_Library.a
Finished building target: libFreeRTOS_Library.a
 
make --no-print-directory post-build
Performing post-build steps
arm-none-eabi-size libFreeRTOS_Library.a ; # arm-none-eabi-objdump -h -S libFreeRTOS_Library.a >libFreeRTOS_Library.lss
   text	   data	    bss	    dec	    hex	filename
    320	      4	  10264	  10588	   295c	heap_2.o (ex libFreeRTOS_Library.a)
    344	      4	      0	    348	    15c	port.o (ex libFreeRTOS_Library.a)
     92	      0	     52	    144	     90	basic_io.o (ex libFreeRTOS_Library.a)
     24	      0	      0	     24	     18	consoleprint.o (ex libFreeRTOS_Library.a)
    164	      0	      0	    164	     a4	list.o (ex libFreeRTOS_Library.a)
   1252	      0	      0	   1252	    4e4	queue.o (ex libFreeRTOS_Library.a)
   3264	      0	    256	   3520	    dc0	tasks.o (ex libFreeRTOS_Library.a)
 
15:21:56 **** Build of configuration Debug for project Example11 ****
make all 
Building file: ../cr_startup_lpc17.c
Invoking: MCU C Compiler
arm-none-eabi-gcc -DDEBUG -D__USE_CMSIS=CMSISv1p30_LPC17xx -D__CODE_RED -D__REDLIB__ -I"C:\Users\patricia\Documents\LPCXpresso_6.1.4_194\EC020_G10\CMSISv1p30_LPC17xx\inc" -I"C:\Users\patricia\Documents\LPCXpresso_6.1.4_194\EC020_G10\FreeRTOS_Library\demo_code" -I"C:\Users\patricia\Documents\LPCXpresso_6.1.4_194\EC020_G10\FreeRTOS_Library\include" -I"C:\Users\patricia\Documents\LPCXpresso_6.1.4_194\EC020_G10\FreeRTOS_Library\portable" -I"C:\Users\patricia\Documents\LPCXpresso_6.1.4_194\EC020_G10\Lib_EaBaseBoard\inc" -I"C:\Users\patricia\Documents\LPCXpresso_6.1.4_194\EC020_G10\Lib_MCU\inc" -O0 -g3 -fsigned-char -c -fmessage-length=0 -fno-builtin -ffunction-sections -mcpu=cortex-m3 -mthumb -MMD -MP -MF"cr_startup_lpc17.d" -MT"cr_startup_lpc17.d" -o "cr_startup_lpc17.o" "../cr_startup_lpc17.c"
Finished building: ../cr_startup_lpc17.c
 
Building file: ../ethmac.c
Invoking: MCU C Compiler
arm-none-eabi-gcc -DDEBUG -D__USE_CMSIS=CMSISv1p30_LPC17xx -D__CODE_RED -D__REDLIB__ -I"C:\Users\patricia\Documents\LPCXpresso_6.1.4_194\EC020_G10\CMSISv1p30_LPC17xx\inc" -I"C:\Users\patricia\Documents\LPCXpresso_6.1.4_194\EC020_G10\FreeRTOS_Library\demo_code" -I"C:\Users\patricia\Documents\LPCXpresso_6.1.4_194\EC020_G10\FreeRTOS_Library\include" -I"C:\Users\patricia\Documents\LPCXpresso_6.1.4_194\EC020_G10\FreeRTOS_Library\portable" -I"C:\Users\patricia\Documents\LPCXpresso_6.1.4_194\EC020_G10\Lib_EaBaseBoard\inc" -I"C:\Users\patricia\Documents\LPCXpresso_6.1.4_194\EC020_G10\Lib_MCU\inc" -O0 -g3 -fsigned-char -c -fmessage-length=0 -fno-builtin -ffunction-sections -mcpu=cortex-m3 -mthumb -MMD -MP -MF"ethmac.d" -MT"ethmac.d" -o "ethmac.o" "../ethmac.c"
Finished building: ../ethmac.c
 
Building file: ../ew_systick.c
Invoking: MCU C Compiler
arm-none-eabi-gcc -DDEBUG -D__USE_CMSIS=CMSISv1p30_LPC17xx -D__CODE_RED -D__REDLIB__ -I"C:\Users\patricia\Documents\LPCXpresso_6.1.4_194\EC020_G10\CMSISv1p30_LPC17xx\inc" -I"C:\Users\patricia\Documents\LPCXpresso_6.1.4_194\EC020_G10\FreeRTOS_Library\demo_code" -I"C:\Users\patricia\Documents\LPCXpresso_6.1.4_194\EC020_G10\FreeRTOS_Library\include" -I"C:\Users\patricia\Documents\LPCXpresso_6.1.4_194\EC020_G10\FreeRTOS_Library\portable" -I"C:\Users\patricia\Documents\LPCXpresso_6.1.4_194\EC020_G10\Lib_EaBaseBoard\inc" -I"C:\Users\patricia\Documents\LPCXpresso_6.1.4_194\EC020_G10\Lib_MCU\inc" -O0 -g3 -fsigned-char -c -fmessage-length=0 -fno-builtin -ffunction-sections -mcpu=cortex-m3 -mthumb -MMD -MP -MF"ew_systick.d" -MT"ew_systick.d" -o "ew_systick.o" "../ew_systick.c"
Finished building: ../ew_systick.c
 
Building file: ../main.c
Invoking: MCU C Compiler
arm-none-eabi-gcc -DDEBUG -D__USE_CMSIS=CMSISv1p30_LPC17xx -D__CODE_RED -D__REDLIB__ -I"C:\Users\patricia\Documents\LPCXpresso_6.1.4_194\EC020_G10\CMSISv1p30_LPC17xx\inc" -I"C:\Users\patricia\Documents\LPCXpresso_6.1.4_194\EC020_G10\FreeRTOS_Library\demo_code" -I"C:\Users\patricia\Documents\LPCXpresso_6.1.4_194\EC020_G10\FreeRTOS_Library\include" -I"C:\Users\patricia\Documents\LPCXpresso_6.1.4_194\EC020_G10\FreeRTOS_Library\portable" -I"C:\Users\patricia\Documents\LPCXpresso_6.1.4_194\EC020_G10\Lib_EaBaseBoard\inc" -I"C:\Users\patricia\Documents\LPCXpresso_6.1.4_194\EC020_G10\Lib_MCU\inc" -O0 -g3 -fsigned-char -c -fmessage-length=0 -fno-builtin -ffunction-sections -mcpu=cortex-m3 -mthumb -MMD -MP -MF"main.d" -MT"main.d" -o "main.o" "../main.c"
../main.c:163:6: warning: conflicting types for 'HTTPServer' [enabled by default]
Finished building: ../main.c
../main.c:122:2: note: previous implicit declaration of 'HTTPServer' was here
 
../main.c:215:6: warning: conflicting types for 'InsertDynamicValues' [enabled by default]
Building file: ../tcpip.c
../main.c:189:5: note: previous implicit declaration of 'InsertDynamicValues' was here
Invoking: MCU C Compiler
arm-none-eabi-gcc -DDEBUG -D__USE_CMSIS=CMSISv1p30_LPC17xx -D__CODE_RED -D__REDLIB__ -I"C:\Users\patricia\Documents\LPCXpresso_6.1.4_194\EC020_G10\CMSISv1p30_LPC17xx\inc" -I"C:\Users\patricia\Documents\LPCXpresso_6.1.4_194\EC020_G10\FreeRTOS_Library\demo_code" -I"C:\Users\patricia\Documents\LPCXpresso_6.1.4_194\EC020_G10\FreeRTOS_Library\include" -I"C:\Users\patricia\Documents\LPCXpresso_6.1.4_194\EC020_G10\FreeRTOS_Library\portable" -I"C:\Users\patricia\Documents\LPCXpresso_6.1.4_194\EC020_G10\Lib_EaBaseBoard\inc" -I"C:\Users\patricia\Documents\LPCXpresso_6.1.4_194\EC020_G10\Lib_MCU\inc" -O0 -g3 -fsigned-char -c -fmessage-length=0 -fno-builtin -ffunction-sections -mcpu=cortex-m3 -mthumb -MMD -MP -MF"tcpip.d" -MT"tcpip.d" -o "tcpip.o" "../tcpip.c"
Finished building: ../tcpip.c
 
Building target: Example11.axf
Invoking: MCU Linker
arm-none-eabi-gcc -nostdlib -L"C:\Users\patricia\Documents\LPCXpresso_6.1.4_194\EC020_G10\CMSISv1p30_LPC17xx\Debug" -L"C:\Users\patricia\Documents\LPCXpresso_6.1.4_194\EC020_G10\CMSISv1p30_LPC17xx\inc" -L"C:\Users\patricia\Documents\LPCXpresso_6.1.4_194\EC020_G10\FreeRTOS_Library\Debug" -L"C:\Users\patricia\Documents\LPCXpresso_6.1.4_194\EC020_G10\Lib_EaBaseBoard\Debug" -L"C:\Users\patricia\Documents\LPCXpresso_6.1.4_194\EC020_G10\Lib_MCU\Debug" -Xlinker --gc-sections -Xlinker -Map=Example11.map -mcpu=cortex-m3 -mthumb -T "Example11_Debug.ld" -o "Example11.axf"  ./cr_startup_lpc17.o ./ethmac.o ./ew_systick.o ./main.o ./tcpip.o   -lCMSISv1p30_LPC17xx -lFreeRTOS_Library -lLib_EaBaseBoard -lLib_MCU
Finished building target: Example11.axf
 
make --no-print-directory post-build
Performing post-build steps
arm-none-eabi-size Example11.axf; # arm-none-eabi-objcopy -O ihex Example11.axf Example11.hex ;
   text	   data	    bss	    dec	    hex	filename
  35936	     12	  12744	  48692	   be34	Example11.axf
 
15:22:00 **** Incremental Build of configuration Debug for project CMSISv1p30_LPC17xx ****
make all 
make: Nothing to be done for `all'.
15:22:01 **** Incremental Build of configuration Debug for project FreeRTOS_Library ****
make all 
make: Nothing to be done for `all'.
15:22:02 **** Incremental Build of configuration Debug for project Example11 ****
make all 
make: Nothing to be done for `all'.
15:23:29 **** Clean-only build of configuration Debug for project CMSISv1p30_LPC17xx ****
make clean 
rm -rf  ./src/core_cm3.o ./src/system_LPC17xx.o  ./src/core_cm3.d ./src/system_LPC17xx.d  libCMSISv1p30_LPC17xx.a
 
15:23:29 **** Clean-only build of configuration Debug for project FreeRTOS_Library ****
make clean 
rm -rf  ./portable/heap_2.o ./portable/port.o  ./demo_code/basic_io.o ./demo_code/consoleprint.o  ./list.o ./queue.o ./tasks.o  ./portable/heap_2.d ./portable/port.d  ./demo_code/basic_io.d ./demo_code/consoleprint.d  ./list.d ./queue.d ./tasks.d  libFreeRTOS_Library.a
 
15:23:29 **** Clean-only build of configuration Debug for project Example11 ****
make clean 
rm -rf  ./cr_startup_lpc17.o ./ethmac.o ./ew_systick.o ./main.o ./tcpip.o  ./cr_startup_lpc17.d ./ethmac.d ./ew_systick.d ./main.d ./tcpip.d  Example11.axf
 
15:23:31 **** Build of configuration Debug for project CMSISv1p30_LPC17xx ****
make all 
Building file: ../src/core_cm3.c
Invoking: MCU C Compiler
arm-none-eabi-gcc -DDEBUG -D__CODE_RED -D__REDLIB__ -I"C:\Users\patricia\Documents\LPCXpresso_6.1.4_194\EC020_G10\CMSISv1p30_LPC17xx\inc" -O0 -g3 -Wall -c -fmessage-length=0 -fno-builtin -ffunction-sections -mcpu=cortex-m3 -mthumb -MMD -MP -MF"src/core_cm3.d" -MT"src/core_cm3.d" -o "src/core_cm3.o" "../src/core_cm3.c"
Finished building: ../src/core_cm3.c
 
Building file: ../src/system_LPC17xx.c
Invoking: MCU C Compiler
arm-none-eabi-gcc -DDEBUG -D__CODE_RED -D__REDLIB__ -I"C:\Users\patricia\Documents\LPCXpresso_6.1.4_194\EC020_G10\CMSISv1p30_LPC17xx\inc" -O0 -g3 -Wall -c -fmessage-length=0 -fno-builtin -ffunction-sections -mcpu=cortex-m3 -mthumb -MMD -MP -MF"src/system_LPC17xx.d" -MT"src/system_LPC17xx.d" -o "src/system_LPC17xx.o" "../src/system_LPC17xx.c"
Finished building: ../src/system_LPC17xx.c
 
Building target: libCMSISv1p30_LPC17xx.a
Invoking: MCU Archiver
arm-none-eabi-ar -r  "libCMSISv1p30_LPC17xx.a"  ./src/core_cm3.o ./src/system_LPC17xx.o   
c:\nxp\LPCXpresso_6.1.4_194\lpcxpresso\tools\bin\arm-none-eabi-ar.exe: creating libCMSISv1p30_LPC17xx.a
Finished building target: libCMSISv1p30_LPC17xx.a
 
make --no-print-directory post-build
Performing post-build steps
arm-none-eabi-size libCMSISv1p30_LPC17xx.a ; # arm-none-eabi-objdump -h -S libCMSISv1p30_LPC17xx.a >libCMSISv1p30_LPC17xx.lss
   text	   data	    bss	    dec	    hex	filename
    652	      0	      0	    652	    28c	core_cm3.o (ex libCMSISv1p30_LPC17xx.a)
   1276	      4	      0	   1280	    500	system_LPC17xx.o (ex libCMSISv1p30_LPC17xx.a)
 
15:23:32 **** Build of configuration Debug for project FreeRTOS_Library ****
make all 
Building file: ../portable/heap_2.c
Invoking: MCU C Compiler
arm-none-eabi-gcc -D__REDLIB__ -I"C:\Users\patricia\Documents\LPCXpresso_6.1.4_194\EC020_G10\FreeRTOS_Library\include" -I"C:\Users\patricia\Documents\LPCXpresso_6.1.4_194\EC020_G10\CMSISv1p30_LPC17xx\inc" -I"C:\Users\patricia\Documents\LPCXpresso_6.1.4_194\EC020_G10\FreeRTOS_Library\portable" -I"C:\Users\patricia\Documents\LPCXpresso_6.1.4_194\EC020_G10\FreeRTOS_Library\demo_code" -O1 -g3 -Wall -c -fmessage-length=0 -mcpu=cortex-m3 -mthumb -MMD -MP -MF"portable/heap_2.d" -MT"portable/heap_2.d" -o "portable/heap_2.o" "../portable/heap_2.c"
Finished building: ../portable/heap_2.c
 
Building file: ../portable/port.c
Invoking: MCU C Compiler
arm-none-eabi-gcc -D__REDLIB__ -I"C:\Users\patricia\Documents\LPCXpresso_6.1.4_194\EC020_G10\FreeRTOS_Library\include" -I"C:\Users\patricia\Documents\LPCXpresso_6.1.4_194\EC020_G10\CMSISv1p30_LPC17xx\inc" -I"C:\Users\patricia\Documents\LPCXpresso_6.1.4_194\EC020_G10\FreeRTOS_Library\portable" -I"C:\Users\patricia\Documents\LPCXpresso_6.1.4_194\EC020_G10\FreeRTOS_Library\demo_code" -O1 -g3 -Wall -c -fmessage-length=0 -mcpu=cortex-m3 -mthumb -MMD -MP -MF"portable/port.d" -MT"portable/port.d" -o "portable/port.o" "../portable/port.c"
Finished building: ../portable/port.c
 
Building file: ../demo_code/basic_io.c
Invoking: MCU C Compiler
arm-none-eabi-gcc -D__REDLIB__ -I"C:\Users\patricia\Documents\LPCXpresso_6.1.4_194\EC020_G10\FreeRTOS_Library\include" -I"C:\Users\patricia\Documents\LPCXpresso_6.1.4_194\EC020_G10\CMSISv1p30_LPC17xx\inc" -I"C:\Users\patricia\Documents\LPCXpresso_6.1.4_194\EC020_G10\FreeRTOS_Library\portable" -I"C:\Users\patricia\Documents\LPCXpresso_6.1.4_194\EC020_G10\FreeRTOS_Library\demo_code" -O1 -g3 -Wall -c -fmessage-length=0 -mcpu=cortex-m3 -mthumb -MMD -MP -MF"demo_code/basic_io.d" -MT"demo_code/basic_io.d" -o "demo_code/basic_io.o" "../demo_code/basic_io.c"
Finished building: ../demo_code/basic_io.c
 
Building file: ../demo_code/consoleprint.c
Invoking: MCU C Compiler
arm-none-eabi-gcc -D__REDLIB__ -I"C:\Users\patricia\Documents\LPCXpresso_6.1.4_194\EC020_G10\FreeRTOS_Library\include" -I"C:\Users\patricia\Documents\LPCXpresso_6.1.4_194\EC020_G10\CMSISv1p30_LPC17xx\inc" -I"C:\Users\patricia\Documents\LPCXpresso_6.1.4_194\EC020_G10\FreeRTOS_Library\portable" -I"C:\Users\patricia\Documents\LPCXpresso_6.1.4_194\EC020_G10\FreeRTOS_Library\demo_code" -O1 -g3 -Wall -c -fmessage-length=0 -mcpu=cortex-m3 -mthumb -MMD -MP -MF"demo_code/consoleprint.d" -MT"demo_code/consoleprint.d" -o "demo_code/consoleprint.o" "../demo_code/consoleprint.c"
Finished building: ../demo_code/consoleprint.c
 
Building file: ../list.c
Invoking: MCU C Compiler
arm-none-eabi-gcc -D__REDLIB__ -I"C:\Users\patricia\Documents\LPCXpresso_6.1.4_194\EC020_G10\FreeRTOS_Library\include" -I"C:\Users\patricia\Documents\LPCXpresso_6.1.4_194\EC020_G10\CMSISv1p30_LPC17xx\inc" -I"C:\Users\patricia\Documents\LPCXpresso_6.1.4_194\EC020_G10\FreeRTOS_Library\portable" -I"C:\Users\patricia\Documents\LPCXpresso_6.1.4_194\EC020_G10\FreeRTOS_Library\demo_code" -O1 -g3 -Wall -c -fmessage-length=0 -mcpu=cortex-m3 -mthumb -MMD -MP -MF"list.d" -MT"list.d" -o "list.o" "../list.c"
Finished building: ../list.c
 
Building file: ../queue.c
Invoking: MCU C Compiler
arm-none-eabi-gcc -D__REDLIB__ -I"C:\Users\patricia\Documents\LPCXpresso_6.1.4_194\EC020_G10\FreeRTOS_Library\include" -I"C:\Users\patricia\Documents\LPCXpresso_6.1.4_194\EC020_G10\CMSISv1p30_LPC17xx\inc" -I"C:\Users\patricia\Documents\LPCXpresso_6.1.4_194\EC020_G10\FreeRTOS_Library\portable" -I"C:\Users\patricia\Documents\LPCXpresso_6.1.4_194\EC020_G10\FreeRTOS_Library\demo_code" -O1 -g3 -Wall -c -fmessage-length=0 -mcpu=cortex-m3 -mthumb -MMD -MP -MF"queue.d" -MT"queue.d" -o "queue.o" "../queue.c"
Finished building: ../queue.c
 
Building file: ../tasks.c
Invoking: MCU C Compiler
arm-none-eabi-gcc -D__REDLIB__ -I"C:\Users\patricia\Documents\LPCXpresso_6.1.4_194\EC020_G10\FreeRTOS_Library\include" -I"C:\Users\patricia\Documents\LPCXpresso_6.1.4_194\EC020_G10\CMSISv1p30_LPC17xx\inc" -I"C:\Users\patricia\Documents\LPCXpresso_6.1.4_194\EC020_G10\FreeRTOS_Library\portable" -I"C:\Users\patricia\Documents\LPCXpresso_6.1.4_194\EC020_G10\FreeRTOS_Library\demo_code" -O1 -g3 -Wall -c -fmessage-length=0 -mcpu=cortex-m3 -mthumb -MMD -MP -MF"tasks.d" -MT"tasks.d" -o "tasks.o" "../tasks.c"
Finished building: ../tasks.c
 
Building target: libFreeRTOS_Library.a
Invoking: MCU Archiver
arm-none-eabi-ar -r  "libFreeRTOS_Library.a"  ./portable/heap_2.o ./portable/port.o  ./demo_code/basic_io.o ./demo_code/consoleprint.o  ./list.o ./queue.o ./tasks.o   
c:\nxp\LPCXpresso_6.1.4_194\lpcxpresso\tools\bin\arm-none-eabi-ar.exe: creating libFreeRTOS_Library.a
Finished building target: libFreeRTOS_Library.a
 
make --no-print-directory post-build
Performing post-build steps
arm-none-eabi-size libFreeRTOS_Library.a ; # arm-none-eabi-objdump -h -S libFreeRTOS_Library.a >libFreeRTOS_Library.lss
   text	   data	    bss	    dec	    hex	filename
    320	      4	  10264	  10588	   295c	heap_2.o (ex libFreeRTOS_Library.a)
    344	      4	      0	    348	    15c	port.o (ex libFreeRTOS_Library.a)
     92	      0	     52	    144	     90	basic_io.o (ex libFreeRTOS_Library.a)
     24	      0	      0	     24	     18	consoleprint.o (ex libFreeRTOS_Library.a)
    164	      0	      0	    164	     a4	list.o (ex libFreeRTOS_Library.a)
   1252	      0	      0	   1252	    4e4	queue.o (ex libFreeRTOS_Library.a)
   3264	      0	    256	   3520	    dc0	tasks.o (ex libFreeRTOS_Library.a)
 
15:23:35 **** Build of configuration Debug for project Example11 ****
make all 
Building file: ../cr_startup_lpc17.c
Invoking: MCU C Compiler
arm-none-eabi-gcc -DDEBUG -D__USE_CMSIS=CMSISv1p30_LPC17xx -D__CODE_RED -D__REDLIB__ -I"C:\Users\patricia\Documents\LPCXpresso_6.1.4_194\EC020_G10\CMSISv1p30_LPC17xx\inc" -I"C:\Users\patricia\Documents\LPCXpresso_6.1.4_194\EC020_G10\FreeRTOS_Library\demo_code" -I"C:\Users\patricia\Documents\LPCXpresso_6.1.4_194\EC020_G10\FreeRTOS_Library\include" -I"C:\Users\patricia\Documents\LPCXpresso_6.1.4_194\EC020_G10\FreeRTOS_Library\portable" -I"C:\Users\patricia\Documents\LPCXpresso_6.1.4_194\EC020_G10\Lib_EaBaseBoard\inc" -I"C:\Users\patricia\Documents\LPCXpresso_6.1.4_194\EC020_G10\Lib_MCU\inc" -O0 -g3 -fsigned-char -c -fmessage-length=0 -fno-builtin -ffunction-sections -mcpu=cortex-m3 -mthumb -MMD -MP -MF"cr_startup_lpc17.d" -MT"cr_startup_lpc17.d" -o "cr_startup_lpc17.o" "../cr_startup_lpc17.c"
Finished building: ../cr_startup_lpc17.c
 
Building file: ../ethmac.c
Invoking: MCU C Compiler
arm-none-eabi-gcc -DDEBUG -D__USE_CMSIS=CMSISv1p30_LPC17xx -D__CODE_RED -D__REDLIB__ -I"C:\Users\patricia\Documents\LPCXpresso_6.1.4_194\EC020_G10\CMSISv1p30_LPC17xx\inc" -I"C:\Users\patricia\Documents\LPCXpresso_6.1.4_194\EC020_G10\FreeRTOS_Library\demo_code" -I"C:\Users\patricia\Documents\LPCXpresso_6.1.4_194\EC020_G10\FreeRTOS_Library\include" -I"C:\Users\patricia\Documents\LPCXpresso_6.1.4_194\EC020_G10\FreeRTOS_Library\portable" -I"C:\Users\patricia\Documents\LPCXpresso_6.1.4_194\EC020_G10\Lib_EaBaseBoard\inc" -I"C:\Users\patricia\Documents\LPCXpresso_6.1.4_194\EC020_G10\Lib_MCU\inc" -O0 -g3 -fsigned-char -c -fmessage-length=0 -fno-builtin -ffunction-sections -mcpu=cortex-m3 -mthumb -MMD -MP -MF"ethmac.d" -MT"ethmac.d" -o "ethmac.o" "../ethmac.c"
Finished building: ../ethmac.c
 
Building file: ../ew_systick.c
Invoking: MCU C Compiler
arm-none-eabi-gcc -DDEBUG -D__USE_CMSIS=CMSISv1p30_LPC17xx -D__CODE_RED -D__REDLIB__ -I"C:\Users\patricia\Documents\LPCXpresso_6.1.4_194\EC020_G10\CMSISv1p30_LPC17xx\inc" -I"C:\Users\patricia\Documents\LPCXpresso_6.1.4_194\EC020_G10\FreeRTOS_Library\demo_code" -I"C:\Users\patricia\Documents\LPCXpresso_6.1.4_194\EC020_G10\FreeRTOS_Library\include" -I"C:\Users\patricia\Documents\LPCXpresso_6.1.4_194\EC020_G10\FreeRTOS_Library\portable" -I"C:\Users\patricia\Documents\LPCXpresso_6.1.4_194\EC020_G10\Lib_EaBaseBoard\inc" -I"C:\Users\patricia\Documents\LPCXpresso_6.1.4_194\EC020_G10\Lib_MCU\inc" -O0 -g3 -fsigned-char -c -fmessage-length=0 -fno-builtin -ffunction-sections -mcpu=cortex-m3 -mthumb -MMD -MP -MF"ew_systick.d" -MT"ew_systick.d" -o "ew_systick.o" "../ew_systick.c"
Finished building: ../ew_systick.c
 
Building file: ../main.c
Invoking: MCU C Compiler
arm-none-eabi-gcc -DDEBUG -D__USE_CMSIS=CMSISv1p30_LPC17xx -D__CODE_RED -D__REDLIB__ -I"C:\Users\patricia\Documents\LPCXpresso_6.1.4_194\EC020_G10\CMSISv1p30_LPC17xx\inc" -I"C:\Users\patricia\Documents\LPCXpresso_6.1.4_194\EC020_G10\FreeRTOS_Library\demo_code" -I"C:\Users\patricia\Documents\LPCXpresso_6.1.4_194\EC020_G10\FreeRTOS_Library\include" -I"C:\Users\patricia\Documents\LPCXpresso_6.1.4_194\EC020_G10\FreeRTOS_Library\portable" -I"C:\Users\patricia\Documents\LPCXpresso_6.1.4_194\EC020_G10\Lib_EaBaseBoard\inc" -I"C:\Users\patricia\Documents\LPCXpresso_6.1.4_194\EC020_G10\Lib_MCU\inc" -O0 -g3 -fsigned-char -c -fmessage-length=0 -fno-builtin -ffunction-sections -mcpu=cortex-m3 -mthumb -MMD -MP -MF"main.d" -MT"main.d" -o "main.o" "../main.c"
../main.c:163:6: warning: conflicting types for 'HTTPServer' [enabled by default]
Finished building: ../main.c
../main.c:122:2: note: previous implicit declaration of 'HTTPServer' was here
 
../main.c:215:6: warning: conflicting types for 'InsertDynamicValues' [enabled by default]
Building file: ../tcpip.c
../main.c:189:5: note: previous implicit declaration of 'InsertDynamicValues' was here
Invoking: MCU C Compiler
arm-none-eabi-gcc -DDEBUG -D__USE_CMSIS=CMSISv1p30_LPC17xx -D__CODE_RED -D__REDLIB__ -I"C:\Users\patricia\Documents\LPCXpresso_6.1.4_194\EC020_G10\CMSISv1p30_LPC17xx\inc" -I"C:\Users\patricia\Documents\LPCXpresso_6.1.4_194\EC020_G10\FreeRTOS_Library\demo_code" -I"C:\Users\patricia\Documents\LPCXpresso_6.1.4_194\EC020_G10\FreeRTOS_Library\include" -I"C:\Users\patricia\Documents\LPCXpresso_6.1.4_194\EC020_G10\FreeRTOS_Library\portable" -I"C:\Users\patricia\Documents\LPCXpresso_6.1.4_194\EC020_G10\Lib_EaBaseBoard\inc" -I"C:\Users\patricia\Documents\LPCXpresso_6.1.4_194\EC020_G10\Lib_MCU\inc" -O0 -g3 -fsigned-char -c -fmessage-length=0 -fno-builtin -ffunction-sections -mcpu=cortex-m3 -mthumb -MMD -MP -MF"tcpip.d" -MT"tcpip.d" -o "tcpip.o" "../tcpip.c"
Finished building: ../tcpip.c
 
Building target: Example11.axf
Invoking: MCU Linker
arm-none-eabi-gcc -nostdlib -L"C:\Users\patricia\Documents\LPCXpresso_6.1.4_194\EC020_G10\CMSISv1p30_LPC17xx\Debug" -L"C:\Users\patricia\Documents\LPCXpresso_6.1.4_194\EC020_G10\CMSISv1p30_LPC17xx\inc" -L"C:\Users\patricia\Documents\LPCXpresso_6.1.4_194\EC020_G10\FreeRTOS_Library\Debug" -L"C:\Users\patricia\Documents\LPCXpresso_6.1.4_194\EC020_G10\Lib_EaBaseBoard\Debug" -L"C:\Users\patricia\Documents\LPCXpresso_6.1.4_194\EC020_G10\Lib_MCU\Debug" -Xlinker --gc-sections -Xlinker -Map=Example11.map -mcpu=cortex-m3 -mthumb -T "Example11_Debug.ld" -o "Example11.axf"  ./cr_startup_lpc17.o ./ethmac.o ./ew_systick.o ./main.o ./tcpip.o   -lCMSISv1p30_LPC17xx -lFreeRTOS_Library -lLib_EaBaseBoard -lLib_MCU
Finished building target: Example11.axf
 
make --no-print-directory post-build
Performing post-build steps
arm-none-eabi-size Example11.axf; # arm-none-eabi-objcopy -O ihex Example11.axf Example11.hex ;
   text	   data	    bss	    dec	    hex	filename
  30440	     12	  12680	  43132	   a87c	Example11.axf
 
15:23:40 **** Incremental Build of configuration Debug for project CMSISv1p30_LPC17xx ****
make all 
make: Nothing to be done for `all'.
15:23:40 **** Incremental Build of configuration Debug for project FreeRTOS_Library ****
make all 
make: Nothing to be done for `all'.
15:23:42 **** Incremental Build of configuration Debug for project Example11 ****
make all 
make: Nothing to be done for `all'.
15:25:18 **** Incremental Build of configuration Debug for project CMSISv1p30_LPC17xx ****
make all 
make: Nothing to be done for `all'.
15:25:18 **** Incremental Build of configuration Debug for project FreeRTOS_Library ****
make all 
make: Nothing to be done for `all'.
15:25:20 **** Incremental Build of configuration Debug for project Example11 ****
make all 
Building file: ../cr_startup_lpc17.c
Invoking: MCU C Compiler
arm-none-eabi-gcc -DDEBUG -D__USE_CMSIS=CMSISv1p30_LPC17xx -D__CODE_RED -D__REDLIB__ -I"C:\Users\patricia\Documents\LPCXpresso_6.1.4_194\EC020_G10\CMSISv1p30_LPC17xx\inc" -I"C:\Users\patricia\Documents\LPCXpresso_6.1.4_194\EC020_G10\FreeRTOS_Library\demo_code" -I"C:\Users\patricia\Documents\LPCXpresso_6.1.4_194\EC020_G10\FreeRTOS_Library\include" -I"C:\Users\patricia\Documents\LPCXpresso_6.1.4_194\EC020_G10\FreeRTOS_Library\portable" -I"C:\Users\patricia\Documents\LPCXpresso_6.1.4_194\EC020_G10\Lib_EaBaseBoard\inc" -I"C:\Users\patricia\Documents\LPCXpresso_6.1.4_194\EC020_G10\Lib_MCU\inc" -O0 -g3 -fsigned-char -c -fmessage-length=0 -fno-builtin -ffunction-sections -mcpu=cortex-m3 -mthumb -MMD -MP -MF"cr_startup_lpc17.d" -MT"cr_startup_lpc17.d" -o "cr_startup_lpc17.o" "../cr_startup_lpc17.c"
Finished building: ../cr_startup_lpc17.c
 
Building file: ../main.c
Invoking: MCU C Compiler
arm-none-eabi-gcc -DDEBUG -D__USE_CMSIS=CMSISv1p30_LPC17xx -D__CODE_RED -D__REDLIB__ -I"C:\Users\patricia\Documents\LPCXpresso_6.1.4_194\EC020_G10\CMSISv1p30_LPC17xx\inc" -I"C:\Users\patricia\Documents\LPCXpresso_6.1.4_194\EC020_G10\FreeRTOS_Library\demo_code" -I"C:\Users\patricia\Documents\LPCXpresso_6.1.4_194\EC020_G10\FreeRTOS_Library\include" -I"C:\Users\patricia\Documents\LPCXpresso_6.1.4_194\EC020_G10\FreeRTOS_Library\portable" -I"C:\Users\patricia\Documents\LPCXpresso_6.1.4_194\EC020_G10\Lib_EaBaseBoard\inc" -I"C:\Users\patricia\Documents\LPCXpresso_6.1.4_194\EC020_G10\Lib_MCU\inc" -O0 -g3 -fsigned-char -c -fmessage-length=0 -fno-builtin -ffunction-sections -mcpu=cortex-m3 -mthumb -MMD -MP -MF"main.d" -MT"main.d" -o "main.o" "../main.c"
../main.c:163:6: warning: conflicting types for 'HTTPServer' [enabled by default]
Finished building: ../main.c
../main.c:122:2: note: previous implicit declaration of 'HTTPServer' was here
 
../main.c:215:6: warning: conflicting types for 'InsertDynamicValues' [enabled by default]
Building target: Example11.axf
../main.c:189:5: note: previous implicit declaration of 'InsertDynamicValues' was here
Invoking: MCU Linker
arm-none-eabi-gcc -nostdlib -L"C:\Users\patricia\Documents\LPCXpresso_6.1.4_194\EC020_G10\CMSISv1p30_LPC17xx\Debug" -L"C:\Users\patricia\Documents\LPCXpresso_6.1.4_194\EC020_G10\CMSISv1p30_LPC17xx\inc" -L"C:\Users\patricia\Documents\LPCXpresso_6.1.4_194\EC020_G10\FreeRTOS_Library\Debug" -L"C:\Users\patricia\Documents\LPCXpresso_6.1.4_194\EC020_G10\Lib_EaBaseBoard\Debug" -L"C:\Users\patricia\Documents\LPCXpresso_6.1.4_194\EC020_G10\Lib_MCU\Debug" -Xlinker --gc-sections -Xlinker -Map=Example11.map -mcpu=cortex-m3 -mthumb -T "Example11_Debug.ld" -o "Example11.axf"  ./cr_startup_lpc17.o ./ethmac.o ./ew_systick.o ./main.o ./tcpip.o   -lCMSISv1p30_LPC17xx -lFreeRTOS_Library -lLib_EaBaseBoard -lLib_MCU
Finished building target: Example11.axf
 
make --no-print-directory post-build
Performing post-build steps
arm-none-eabi-size Example11.axf; # arm-none-eabi-objcopy -O ihex Example11.axf Example11.hex ;
   text	   data	    bss	    dec	    hex	filename
  35744	     12	  12688	  48444	   bd3c	Example11.axf
 
15:25:26 **** Incremental Build of configuration Debug for project CMSISv1p30_LPC17xx ****
make all 
make: Nothing to be done for `all'.
15:25:26 **** Incremental Build of configuration Debug for project FreeRTOS_Library ****
make all 
make: Nothing to be done for `all'.
15:25:28 **** Incremental Build of configuration Debug for project Example11 ****
make all 
make: Nothing to be done for `all'.
15:26:16 **** Clean-only build of configuration Debug for project CMSISv1p30_LPC17xx ****
make clean 
rm -rf  ./src/core_cm3.o ./src/system_LPC17xx.o  ./src/core_cm3.d ./src/system_LPC17xx.d  libCMSISv1p30_LPC17xx.a
 
15:26:16 **** Clean-only build of configuration Debug for project FreeRTOS_Library ****
make clean 
rm -rf  ./portable/heap_2.o ./portable/port.o  ./demo_code/basic_io.o ./demo_code/consoleprint.o  ./list.o ./queue.o ./tasks.o  ./portable/heap_2.d ./portable/port.d  ./demo_code/basic_io.d ./demo_code/consoleprint.d  ./list.d ./queue.d ./tasks.d  libFreeRTOS_Library.a
 
15:26:16 **** Clean-only build of configuration Debug for project Example11 ****
make clean 
rm -rf  ./cr_startup_lpc17.o ./ethmac.o ./ew_systick.o ./main.o ./tcpip.o  ./cr_startup_lpc17.d ./ethmac.d ./ew_systick.d ./main.d ./tcpip.d  Example11.axf
 
15:26:19 **** Build of configuration Debug for project CMSISv1p30_LPC17xx ****
make all 
Building file: ../src/core_cm3.c
Invoking: MCU C Compiler
arm-none-eabi-gcc -DDEBUG -D__CODE_RED -D__REDLIB__ -I"C:\Users\patricia\Documents\LPCXpresso_6.1.4_194\EC020_G10\CMSISv1p30_LPC17xx\inc" -O0 -g3 -Wall -c -fmessage-length=0 -fno-builtin -ffunction-sections -mcpu=cortex-m3 -mthumb -MMD -MP -MF"src/core_cm3.d" -MT"src/core_cm3.d" -o "src/core_cm3.o" "../src/core_cm3.c"
Finished building: ../src/core_cm3.c
 
Building file: ../src/system_LPC17xx.c
Invoking: MCU C Compiler
arm-none-eabi-gcc -DDEBUG -D__CODE_RED -D__REDLIB__ -I"C:\Users\patricia\Documents\LPCXpresso_6.1.4_194\EC020_G10\CMSISv1p30_LPC17xx\inc" -O0 -g3 -Wall -c -fmessage-length=0 -fno-builtin -ffunction-sections -mcpu=cortex-m3 -mthumb -MMD -MP -MF"src/system_LPC17xx.d" -MT"src/system_LPC17xx.d" -o "src/system_LPC17xx.o" "../src/system_LPC17xx.c"
Finished building: ../src/system_LPC17xx.c
 
Building target: libCMSISv1p30_LPC17xx.a
Invoking: MCU Archiver
arm-none-eabi-ar -r  "libCMSISv1p30_LPC17xx.a"  ./src/core_cm3.o ./src/system_LPC17xx.o   
c:\nxp\LPCXpresso_6.1.4_194\lpcxpresso\tools\bin\arm-none-eabi-ar.exe: creating libCMSISv1p30_LPC17xx.a
Finished building target: libCMSISv1p30_LPC17xx.a
 
make --no-print-directory post-build
Performing post-build steps
arm-none-eabi-size libCMSISv1p30_LPC17xx.a ; # arm-none-eabi-objdump -h -S libCMSISv1p30_LPC17xx.a >libCMSISv1p30_LPC17xx.lss
   text	   data	    bss	    dec	    hex	filename
    652	      0	      0	    652	    28c	core_cm3.o (ex libCMSISv1p30_LPC17xx.a)
   1276	      4	      0	   1280	    500	system_LPC17xx.o (ex libCMSISv1p30_LPC17xx.a)
 
15:26:20 **** Build of configuration Debug for project FreeRTOS_Library ****
make all 
Building file: ../portable/heap_2.c
Invoking: MCU C Compiler
arm-none-eabi-gcc -D__REDLIB__ -I"C:\Users\patricia\Documents\LPCXpresso_6.1.4_194\EC020_G10\FreeRTOS_Library\include" -I"C:\Users\patricia\Documents\LPCXpresso_6.1.4_194\EC020_G10\CMSISv1p30_LPC17xx\inc" -I"C:\Users\patricia\Documents\LPCXpresso_6.1.4_194\EC020_G10\FreeRTOS_Library\portable" -I"C:\Users\patricia\Documents\LPCXpresso_6.1.4_194\EC020_G10\FreeRTOS_Library\demo_code" -O1 -g3 -Wall -c -fmessage-length=0 -mcpu=cortex-m3 -mthumb -MMD -MP -MF"portable/heap_2.d" -MT"portable/heap_2.d" -o "portable/heap_2.o" "../portable/heap_2.c"
Finished building: ../portable/heap_2.c
 
Building file: ../portable/port.c
Invoking: MCU C Compiler
arm-none-eabi-gcc -D__REDLIB__ -I"C:\Users\patricia\Documents\LPCXpresso_6.1.4_194\EC020_G10\FreeRTOS_Library\include" -I"C:\Users\patricia\Documents\LPCXpresso_6.1.4_194\EC020_G10\CMSISv1p30_LPC17xx\inc" -I"C:\Users\patricia\Documents\LPCXpresso_6.1.4_194\EC020_G10\FreeRTOS_Library\portable" -I"C:\Users\patricia\Documents\LPCXpresso_6.1.4_194\EC020_G10\FreeRTOS_Library\demo_code" -O1 -g3 -Wall -c -fmessage-length=0 -mcpu=cortex-m3 -mthumb -MMD -MP -MF"portable/port.d" -MT"portable/port.d" -o "portable/port.o" "../portable/port.c"
Finished building: ../portable/port.c
 
Building file: ../demo_code/basic_io.c
Invoking: MCU C Compiler
arm-none-eabi-gcc -D__REDLIB__ -I"C:\Users\patricia\Documents\LPCXpresso_6.1.4_194\EC020_G10\FreeRTOS_Library\include" -I"C:\Users\patricia\Documents\LPCXpresso_6.1.4_194\EC020_G10\CMSISv1p30_LPC17xx\inc" -I"C:\Users\patricia\Documents\LPCXpresso_6.1.4_194\EC020_G10\FreeRTOS_Library\portable" -I"C:\Users\patricia\Documents\LPCXpresso_6.1.4_194\EC020_G10\FreeRTOS_Library\demo_code" -O1 -g3 -Wall -c -fmessage-length=0 -mcpu=cortex-m3 -mthumb -MMD -MP -MF"demo_code/basic_io.d" -MT"demo_code/basic_io.d" -o "demo_code/basic_io.o" "../demo_code/basic_io.c"
Finished building: ../demo_code/basic_io.c
 
Building file: ../demo_code/consoleprint.c
Invoking: MCU C Compiler
arm-none-eabi-gcc -D__REDLIB__ -I"C:\Users\patricia\Documents\LPCXpresso_6.1.4_194\EC020_G10\FreeRTOS_Library\include" -I"C:\Users\patricia\Documents\LPCXpresso_6.1.4_194\EC020_G10\CMSISv1p30_LPC17xx\inc" -I"C:\Users\patricia\Documents\LPCXpresso_6.1.4_194\EC020_G10\FreeRTOS_Library\portable" -I"C:\Users\patricia\Documents\LPCXpresso_6.1.4_194\EC020_G10\FreeRTOS_Library\demo_code" -O1 -g3 -Wall -c -fmessage-length=0 -mcpu=cortex-m3 -mthumb -MMD -MP -MF"demo_code/consoleprint.d" -MT"demo_code/consoleprint.d" -o "demo_code/consoleprint.o" "../demo_code/consoleprint.c"
Finished building: ../demo_code/consoleprint.c
 
Building file: ../list.c
Invoking: MCU C Compiler
arm-none-eabi-gcc -D__REDLIB__ -I"C:\Users\patricia\Documents\LPCXpresso_6.1.4_194\EC020_G10\FreeRTOS_Library\include" -I"C:\Users\patricia\Documents\LPCXpresso_6.1.4_194\EC020_G10\CMSISv1p30_LPC17xx\inc" -I"C:\Users\patricia\Documents\LPCXpresso_6.1.4_194\EC020_G10\FreeRTOS_Library\portable" -I"C:\Users\patricia\Documents\LPCXpresso_6.1.4_194\EC020_G10\FreeRTOS_Library\demo_code" -O1 -g3 -Wall -c -fmessage-length=0 -mcpu=cortex-m3 -mthumb -MMD -MP -MF"list.d" -MT"list.d" -o "list.o" "../list.c"
Finished building: ../list.c
 
Building file: ../queue.c
Invoking: MCU C Compiler
arm-none-eabi-gcc -D__REDLIB__ -I"C:\Users\patricia\Documents\LPCXpresso_6.1.4_194\EC020_G10\FreeRTOS_Library\include" -I"C:\Users\patricia\Documents\LPCXpresso_6.1.4_194\EC020_G10\CMSISv1p30_LPC17xx\inc" -I"C:\Users\patricia\Documents\LPCXpresso_6.1.4_194\EC020_G10\FreeRTOS_Library\portable" -I"C:\Users\patricia\Documents\LPCXpresso_6.1.4_194\EC020_G10\FreeRTOS_Library\demo_code" -O1 -g3 -Wall -c -fmessage-length=0 -mcpu=cortex-m3 -mthumb -MMD -MP -MF"queue.d" -MT"queue.d" -o "queue.o" "../queue.c"
Finished building: ../queue.c
 
Building file: ../tasks.c
Invoking: MCU C Compiler
arm-none-eabi-gcc -D__REDLIB__ -I"C:\Users\patricia\Documents\LPCXpresso_6.1.4_194\EC020_G10\FreeRTOS_Library\include" -I"C:\Users\patricia\Documents\LPCXpresso_6.1.4_194\EC020_G10\CMSISv1p30_LPC17xx\inc" -I"C:\Users\patricia\Documents\LPCXpresso_6.1.4_194\EC020_G10\FreeRTOS_Library\portable" -I"C:\Users\patricia\Documents\LPCXpresso_6.1.4_194\EC020_G10\FreeRTOS_Library\demo_code" -O1 -g3 -Wall -c -fmessage-length=0 -mcpu=cortex-m3 -mthumb -MMD -MP -MF"tasks.d" -MT"tasks.d" -o "tasks.o" "../tasks.c"
Finished building: ../tasks.c
 
Building target: libFreeRTOS_Library.a
Invoking: MCU Archiver
arm-none-eabi-ar -r  "libFreeRTOS_Library.a"  ./portable/heap_2.o ./portable/port.o  ./demo_code/basic_io.o ./demo_code/consoleprint.o  ./list.o ./queue.o ./tasks.o   
c:\nxp\LPCXpresso_6.1.4_194\lpcxpresso\tools\bin\arm-none-eabi-ar.exe: creating libFreeRTOS_Library.a
Finished building target: libFreeRTOS_Library.a
 
make --no-print-directory post-build
Performing post-build steps
arm-none-eabi-size libFreeRTOS_Library.a ; # arm-none-eabi-objdump -h -S libFreeRTOS_Library.a >libFreeRTOS_Library.lss
   text	   data	    bss	    dec	    hex	filename
    320	      4	  10264	  10588	   295c	heap_2.o (ex libFreeRTOS_Library.a)
    344	      4	      0	    348	    15c	port.o (ex libFreeRTOS_Library.a)
     92	      0	     52	    144	     90	basic_io.o (ex libFreeRTOS_Library.a)
     24	      0	      0	     24	     18	consoleprint.o (ex libFreeRTOS_Library.a)
    164	      0	      0	    164	     a4	list.o (ex libFreeRTOS_Library.a)
   1252	      0	      0	   1252	    4e4	queue.o (ex libFreeRTOS_Library.a)
   3264	      0	    256	   3520	    dc0	tasks.o (ex libFreeRTOS_Library.a)
 
15:26:23 **** Build of configuration Debug for project Example11 ****
make all 
Building file: ../cr_startup_lpc17.c
Invoking: MCU C Compiler
arm-none-eabi-gcc -DDEBUG -D__USE_CMSIS=CMSISv1p30_LPC17xx -D__CODE_RED -D__REDLIB__ -I"C:\Users\patricia\Documents\LPCXpresso_6.1.4_194\EC020_G10\CMSISv1p30_LPC17xx\inc" -I"C:\Users\patricia\Documents\LPCXpresso_6.1.4_194\EC020_G10\FreeRTOS_Library\demo_code" -I"C:\Users\patricia\Documents\LPCXpresso_6.1.4_194\EC020_G10\FreeRTOS_Library\include" -I"C:\Users\patricia\Documents\LPCXpresso_6.1.4_194\EC020_G10\FreeRTOS_Library\portable" -I"C:\Users\patricia\Documents\LPCXpresso_6.1.4_194\EC020_G10\Lib_EaBaseBoard\inc" -I"C:\Users\patricia\Documents\LPCXpresso_6.1.4_194\EC020_G10\Lib_MCU\inc" -O0 -g3 -fsigned-char -c -fmessage-length=0 -fno-builtin -ffunction-sections -mcpu=cortex-m3 -mthumb -MMD -MP -MF"cr_startup_lpc17.d" -MT"cr_startup_lpc17.d" -o "cr_startup_lpc17.o" "../cr_startup_lpc17.c"
Finished building: ../cr_startup_lpc17.c
 
Building file: ../ethmac.c
Invoking: MCU C Compiler
arm-none-eabi-gcc -DDEBUG -D__USE_CMSIS=CMSISv1p30_LPC17xx -D__CODE_RED -D__REDLIB__ -I"C:\Users\patricia\Documents\LPCXpresso_6.1.4_194\EC020_G10\CMSISv1p30_LPC17xx\inc" -I"C:\Users\patricia\Documents\LPCXpresso_6.1.4_194\EC020_G10\FreeRTOS_Library\demo_code" -I"C:\Users\patricia\Documents\LPCXpresso_6.1.4_194\EC020_G10\FreeRTOS_Library\include" -I"C:\Users\patricia\Documents\LPCXpresso_6.1.4_194\EC020_G10\FreeRTOS_Library\portable" -I"C:\Users\patricia\Documents\LPCXpresso_6.1.4_194\EC020_G10\Lib_EaBaseBoard\inc" -I"C:\Users\patricia\Documents\LPCXpresso_6.1.4_194\EC020_G10\Lib_MCU\inc" -O0 -g3 -fsigned-char -c -fmessage-length=0 -fno-builtin -ffunction-sections -mcpu=cortex-m3 -mthumb -MMD -MP -MF"ethmac.d" -MT"ethmac.d" -o "ethmac.o" "../ethmac.c"
Finished building: ../ethmac.c
 
Building file: ../ew_systick.c
Invoking: MCU C Compiler
arm-none-eabi-gcc -DDEBUG -D__USE_CMSIS=CMSISv1p30_LPC17xx -D__CODE_RED -D__REDLIB__ -I"C:\Users\patricia\Documents\LPCXpresso_6.1.4_194\EC020_G10\CMSISv1p30_LPC17xx\inc" -I"C:\Users\patricia\Documents\LPCXpresso_6.1.4_194\EC020_G10\FreeRTOS_Library\demo_code" -I"C:\Users\patricia\Documents\LPCXpresso_6.1.4_194\EC020_G10\FreeRTOS_Library\include" -I"C:\Users\patricia\Documents\LPCXpresso_6.1.4_194\EC020_G10\FreeRTOS_Library\portable" -I"C:\Users\patricia\Documents\LPCXpresso_6.1.4_194\EC020_G10\Lib_EaBaseBoard\inc" -I"C:\Users\patricia\Documents\LPCXpresso_6.1.4_194\EC020_G10\Lib_MCU\inc" -O0 -g3 -fsigned-char -c -fmessage-length=0 -fno-builtin -ffunction-sections -mcpu=cortex-m3 -mthumb -MMD -MP -MF"ew_systick.d" -MT"ew_systick.d" -o "ew_systick.o" "../ew_systick.c"
Finished building: ../ew_systick.c
 
Building file: ../main.c
Invoking: MCU C Compiler
arm-none-eabi-gcc -DDEBUG -D__USE_CMSIS=CMSISv1p30_LPC17xx -D__CODE_RED -D__REDLIB__ -I"C:\Users\patricia\Documents\LPCXpresso_6.1.4_194\EC020_G10\CMSISv1p30_LPC17xx\inc" -I"C:\Users\patricia\Documents\LPCXpresso_6.1.4_194\EC020_G10\FreeRTOS_Library\demo_code" -I"C:\Users\patricia\Documents\LPCXpresso_6.1.4_194\EC020_G10\FreeRTOS_Library\include" -I"C:\Users\patricia\Documents\LPCXpresso_6.1.4_194\EC020_G10\FreeRTOS_Library\portable" -I"C:\Users\patricia\Documents\LPCXpresso_6.1.4_194\EC020_G10\Lib_EaBaseBoard\inc" -I"C:\Users\patricia\Documents\LPCXpresso_6.1.4_194\EC020_G10\Lib_MCU\inc" -O0 -g3 -fsigned-char -c -fmessage-length=0 -fno-builtin -ffunction-sections -mcpu=cortex-m3 -mthumb -MMD -MP -MF"main.d" -MT"main.d" -o "main.o" "../main.c"
../main.c:163:6: warning: conflicting types for 'HTTPServer' [enabled by default]
Finished building: ../main.c
../main.c:122:2: note: previous implicit declaration of 'HTTPServer' was here
 
[...]
../main.c:160:6: warning: conflicting types for 'HTTPServer' [enabled by default]
Finished building: ../main.c
../main.c:122:2: note: previous implicit declaration of 'HTTPServer' was here
 
../main.c:212:6: warning: conflicting types for 'InsertDynamicValues' [enabled by default]
Building file: ../tcpip.c
../main.c:186:5: note: previous implicit declaration of 'InsertDynamicValues' was here
Invoking: MCU C Compiler
arm-none-eabi-gcc -DDEBUG -D__USE_CMSIS=CMSISv1p30_LPC17xx -D__CODE_RED -D__REDLIB__ -I"C:\Users\patricia\Documents\LPCXpresso_6.1.4_194\EC020_G10\CMSISv1p30_LPC17xx\inc" -I"C:\Users\patricia\Documents\LPCXpresso_6.1.4_194\EC020_G10\FreeRTOS_Library\demo_code" -I"C:\Users\patricia\Documents\LPCXpresso_6.1.4_194\EC020_G10\FreeRTOS_Library\include" -I"C:\Users\patricia\Documents\LPCXpresso_6.1.4_194\EC020_G10\FreeRTOS_Library\portable" -I"C:\Users\patricia\Documents\LPCXpresso_6.1.4_194\EC020_G10\Lib_EaBaseBoard\inc" -I"C:\Users\patricia\Documents\LPCXpresso_6.1.4_194\EC020_G10\Lib_MCU\inc" -O0 -g3 -fsigned-char -c -fmessage-length=0 -fno-builtin -ffunction-sections -mcpu=cortex-m3 -mthumb -MMD -MP -MF"tcpip.d" -MT"tcpip.d" -o "tcpip.o" "../tcpip.c"
Finished building: ../tcpip.c
 
Building target: Example11.axf
Invoking: MCU Linker
arm-none-eabi-gcc -nostdlib -L"C:\Users\patricia\Documents\LPCXpresso_6.1.4_194\EC020_G10\CMSISv1p30_LPC17xx\Debug" -L"C:\Users\patricia\Documents\LPCXpresso_6.1.4_194\EC020_G10\CMSISv1p30_LPC17xx\inc" -L"C:\Users\patricia\Documents\LPCXpresso_6.1.4_194\EC020_G10\FreeRTOS_Library\Debug" -L"C:\Users\patricia\Documents\LPCXpresso_6.1.4_194\EC020_G10\Lib_EaBaseBoard\Debug" -L"C:\Users\patricia\Documents\LPCXpresso_6.1.4_194\EC020_G10\Lib_MCU\Debug" -Xlinker --gc-sections -Xlinker -Map=Example11.map -mcpu=cortex-m3 -mthumb -T "Example11_Debug.ld" -o "Example11.axf"  ./cr_startup_lpc17.o ./ethmac.o ./ew_systick.o ./main.o ./tcpip.o   -lCMSISv1p30_LPC17xx -lFreeRTOS_Library -lLib_EaBaseBoard -lLib_MCU
Finished building target: Example11.axf
 
make --no-print-directory post-build
Performing post-build steps
arm-none-eabi-size Example11.axf; # arm-none-eabi-objcopy -O ihex Example11.axf Example11.hex ;
   text	   data	    bss	    dec	    hex	filename
  35728	     12	  12688	  48428	   bd2c	Example11.axf
 
15:35:19 **** Incremental Build of configuration Debug for project CMSISv1p30_LPC17xx ****
make all 
make: Nothing to be done for `all'.
15:35:20 **** Incremental Build of configuration Debug for project FreeRTOS_Library ****
make all 
make: Nothing to be done for `all'.
15:35:21 **** Incremental Build of configuration Debug for project Example11 ****
make all 
make: Nothing to be done for `all'.
15:37:40 **** Incremental Build of configuration Debug for project CMSISv1p30_LPC17xx ****
make all 
make: Nothing to be done for `all'.
15:37:40 **** Incremental Build of configuration Debug for project FreeRTOS_Library ****
make all 
make: Nothing to be done for `all'.
15:37:41 **** Incremental Build of configuration Debug for project Example11 ****
make all 
Building file: ../cr_startup_lpc17.c
Invoking: MCU C Compiler
arm-none-eabi-gcc -DDEBUG -D__USE_CMSIS=CMSISv1p30_LPC17xx -D__CODE_RED -D__REDLIB__ -I"C:\Users\patricia\Documents\LPCXpresso_6.1.4_194\EC020_G10\CMSISv1p30_LPC17xx\inc" -I"C:\Users\patricia\Documents\LPCXpresso_6.1.4_194\EC020_G10\FreeRTOS_Library\demo_code" -I"C:\Users\patricia\Documents\LPCXpresso_6.1.4_194\EC020_G10\FreeRTOS_Library\include" -I"C:\Users\patricia\Documents\LPCXpresso_6.1.4_194\EC020_G10\FreeRTOS_Library\portable" -I"C:\Users\patricia\Documents\LPCXpresso_6.1.4_194\EC020_G10\Lib_EaBaseBoard\inc" -I"C:\Users\patricia\Documents\LPCXpresso_6.1.4_194\EC020_G10\Lib_MCU\inc" -O0 -g3 -fsigned-char -c -fmessage-length=0 -fno-builtin -ffunction-sections -mcpu=cortex-m3 -mthumb -MMD -MP -MF"cr_startup_lpc17.d" -MT"cr_startup_lpc17.d" -o "cr_startup_lpc17.o" "../cr_startup_lpc17.c"
Finished building: ../cr_startup_lpc17.c
 
Building file: ../main.c
Invoking: MCU C Compiler
arm-none-eabi-gcc -DDEBUG -D__USE_CMSIS=CMSISv1p30_LPC17xx -D__CODE_RED -D__REDLIB__ -I"C:\Users\patricia\Documents\LPCXpresso_6.1.4_194\EC020_G10\CMSISv1p30_LPC17xx\inc" -I"C:\Users\patricia\Documents\LPCXpresso_6.1.4_194\EC020_G10\FreeRTOS_Library\demo_code" -I"C:\Users\patricia\Documents\LPCXpresso_6.1.4_194\EC020_G10\FreeRTOS_Library\include" -I"C:\Users\patricia\Documents\LPCXpresso_6.1.4_194\EC020_G10\FreeRTOS_Library\portable" -I"C:\Users\patricia\Documents\LPCXpresso_6.1.4_194\EC020_G10\Lib_EaBaseBoard\inc" -I"C:\Users\patricia\Documents\LPCXpresso_6.1.4_194\EC020_G10\Lib_MCU\inc" -O0 -g3 -fsigned-char -c -fmessage-length=0 -fno-builtin -ffunction-sections -mcpu=cortex-m3 -mthumb -MMD -MP -MF"main.d" -MT"main.d" -o "main.o" "../main.c"
../main.c:152:6: warning: conflicting types for 'HTTPServer' [enabled by default]
Finished building: ../main.c
../main.c:122:2: note: previous implicit declaration of 'HTTPServer' was here
 
../main.c:204:6: warning: conflicting types for 'InsertDynamicValues' [enabled by default]
Building target: Example11.axf
../main.c:178:5: note: previous implicit declaration of 'InsertDynamicValues' was here
Invoking: MCU Linker
arm-none-eabi-gcc -nostdlib -L"C:\Users\patricia\Documents\LPCXpresso_6.1.4_194\EC020_G10\CMSISv1p30_LPC17xx\Debug" -L"C:\Users\patricia\Documents\LPCXpresso_6.1.4_194\EC020_G10\CMSISv1p30_LPC17xx\inc" -L"C:\Users\patricia\Documents\LPCXpresso_6.1.4_194\EC020_G10\FreeRTOS_Library\Debug" -L"C:\Users\patricia\Documents\LPCXpresso_6.1.4_194\EC020_G10\Lib_EaBaseBoard\Debug" -L"C:\Users\patricia\Documents\LPCXpresso_6.1.4_194\EC020_G10\Lib_MCU\Debug" -Xlinker --gc-sections -Xlinker -Map=Example11.map -mcpu=cortex-m3 -mthumb -T "Example11_Debug.ld" -o "Example11.axf"  ./cr_startup_lpc17.o ./ethmac.o ./ew_systick.o ./main.o ./tcpip.o   -lCMSISv1p30_LPC17xx -lFreeRTOS_Library -lLib_EaBaseBoard -lLib_MCU
Finished building target: Example11.axf
 
make --no-print-directory post-build
Performing post-build steps
arm-none-eabi-size Example11.axf; # arm-none-eabi-objcopy -O ihex Example11.axf Example11.hex ;
   text	   data	    bss	    dec	    hex	filename
  30656	     12	  12736	  43404	   a98c	Example11.axf
 
15:37:46 **** Incremental Build of configuration Debug for project CMSISv1p30_LPC17xx ****
make all 
make: Nothing to be done for `all'.
15:37:47 **** Incremental Build of configuration Debug for project FreeRTOS_Library ****
make all 
make: Nothing to be done for `all'.
15:37:48 **** Incremental Build of configuration Debug for project Example11 ****
make all 
make: Nothing to be done for `all'.
15:37:57 **** Incremental Build of configuration Debug for project CMSISv1p30_LPC17xx ****
make all 
make: Nothing to be done for `all'.
15:37:58 **** Incremental Build of configuration Debug for project FreeRTOS_Library ****
make all 
make: Nothing to be done for `all'.
15:37:59 **** Incremental Build of configuration Debug for project Example11 ****
make all 
make: Nothing to be done for `all'.
15:38:02 **** Incremental Build of configuration Debug for project CMSISv1p30_LPC17xx ****
make all 
make: Nothing to be done for `all'.
15:38:02 **** Incremental Build of configuration Debug for project FreeRTOS_Library ****
make all 
make: Nothing to be done for `all'.
15:38:04 **** Incremental Build of configuration Debug for project Example11 ****
make all 
make: Nothing to be done for `all'.
15:39:00 **** Incremental Build of configuration Debug for project CMSISv1p30_LPC17xx ****
make all 
make: Nothing to be done for `all'.
15:39:00 **** Incremental Build of configuration Debug for project FreeRTOS_Library ****
make all 
make: Nothing to be done for `all'.
15:39:02 **** Incremental Build of configuration Debug for project Example11 ****
make all 
Building file: ../main.c
Invoking: MCU C Compiler
arm-none-eabi-gcc -DDEBUG -D__USE_CMSIS=CMSISv1p30_LPC17xx -D__CODE_RED -D__REDLIB__ -I"C:\Users\patricia\Documents\LPCXpresso_6.1.4_194\EC020_G10\CMSISv1p30_LPC17xx\inc" -I"C:\Users\patricia\Documents\LPCXpresso_6.1.4_194\EC020_G10\FreeRTOS_Library\demo_code" -I"C:\Users\patricia\Documents\LPCXpresso_6.1.4_194\EC020_G10\FreeRTOS_Library\include" -I"C:\Users\patricia\Documents\LPCXpresso_6.1.4_194\EC020_G10\FreeRTOS_Library\portable" -I"C:\Users\patricia\Documents\LPCXpresso_6.1.4_194\EC020_G10\Lib_EaBaseBoard\inc" -I"C:\Users\patricia\Documents\LPCXpresso_6.1.4_194\EC020_G10\Lib_MCU\inc" -O0 -g3 -fsigned-char -c -fmessage-length=0 -fno-builtin -ffunction-sections -mcpu=cortex-m3 -mthumb -MMD -MP -MF"main.d" -MT"main.d" -o "main.o" "../main.c"
../main.c:153:6: warning: conflicting types for 'HTTPServer' [enabled by default]
Finished building: ../main.c
../main.c:122:2: note: previous implicit declaration of 'HTTPServer' was here
 
../main.c:205:6: warning: conflicting types for 'InsertDynamicValues' [enabled by default]
Building target: Example11.axf
../main.c:179:5: note: previous implicit declaration of 'InsertDynamicValues' was here
Invoking: MCU Linker
arm-none-eabi-gcc -nostdlib -L"C:\Users\patricia\Documents\LPCXpresso_6.1.4_194\EC020_G10\CMSISv1p30_LPC17xx\Debug" -L"C:\Users\patricia\Documents\LPCXpresso_6.1.4_194\EC020_G10\CMSISv1p30_LPC17xx\inc" -L"C:\Users\patricia\Documents\LPCXpresso_6.1.4_194\EC020_G10\FreeRTOS_Library\Debug" -L"C:\Users\patricia\Documents\LPCXpresso_6.1.4_194\EC020_G10\Lib_EaBaseBoard\Debug" -L"C:\Users\patricia\Documents\LPCXpresso_6.1.4_194\EC020_G10\Lib_MCU\Debug" -Xlinker --gc-sections -Xlinker -Map=Example11.map -mcpu=cortex-m3 -mthumb -T "Example11_Debug.ld" -o "Example11.axf"  ./cr_startup_lpc17.o ./ethmac.o ./ew_systick.o ./main.o ./tcpip.o   -lCMSISv1p30_LPC17xx -lFreeRTOS_Library -lLib_EaBaseBoard -lLib_MCU
Finished building target: Example11.axf
 
make --no-print-directory post-build
Performing post-build steps
arm-none-eabi-size Example11.axf; # arm-none-eabi-objcopy -O ihex Example11.axf Example11.hex ;
   text	   data	    bss	    dec	    hex	filename
  39344	     12	  12744	  52100	   cb84	Example11.axf
 
15:39:05 **** Incremental Build of configuration Debug for project CMSISv1p30_LPC17xx ****
make all 
make: Nothing to be done for `all'.
15:39:06 **** Incremental Build of configuration Debug for project FreeRTOS_Library ****
make all 
make: Nothing to be done for `all'.
15:39:07 **** Incremental Build of configuration Debug for project Example11 ****
make all 
make: Nothing to be done for `all'.
15:40:54 **** Incremental Build of configuration Debug for project CMSISv1p30_LPC17xx ****
make all 
make: Nothing to be done for `all'.
15:40:54 **** Incremental Build of configuration Debug for project FreeRTOS_Library ****
make all 
make: Nothing to be done for `all'.
15:40:56 **** Incremental Build of configuration Debug for project Example11 ****
make all 
Building file: ../main.c
Invoking: MCU C Compiler
arm-none-eabi-gcc -DDEBUG -D__USE_CMSIS=CMSISv1p30_LPC17xx -D__CODE_RED -D__REDLIB__ -I"C:\Users\patricia\Documents\LPCXpresso_6.1.4_194\EC020_G10\CMSISv1p30_LPC17xx\inc" -I"C:\Users\patricia\Documents\LPCXpresso_6.1.4_194\EC020_G10\FreeRTOS_Library\demo_code" -I"C:\Users\patricia\Documents\LPCXpresso_6.1.4_194\EC020_G10\FreeRTOS_Library\include" -I"C:\Users\patricia\Documents\LPCXpresso_6.1.4_194\EC020_G10\FreeRTOS_Library\portable" -I"C:\Users\patricia\Documents\LPCXpresso_6.1.4_194\EC020_G10\Lib_EaBaseBoard\inc" -I"C:\Users\patricia\Documents\LPCXpresso_6.1.4_194\EC020_G10\Lib_MCU\inc" -O0 -g3 -fsigned-char -c -fmessage-length=0 -fno-builtin -ffunction-sections -mcpu=cortex-m3 -mthumb -MMD -MP -MF"main.d" -MT"main.d" -o "main.o" "../main.c"
../main.c:152:6: warning: conflicting types for 'HTTPServer' [enabled by default]
Finished building: ../main.c
../main.c:122:2: note: previous implicit declaration of 'HTTPServer' was here
 
../main.c:204:6: warning: conflicting types for 'InsertDynamicValues' [enabled by default]
Building target: Example11.axf
../main.c:178:5: note: previous implicit declaration of 'InsertDynamicValues' was here
Invoking: MCU Linker
arm-none-eabi-gcc -nostdlib -L"C:\Users\patricia\Documents\LPCXpresso_6.1.4_194\EC020_G10\CMSISv1p30_LPC17xx\Debug" -L"C:\Users\patricia\Documents\LPCXpresso_6.1.4_194\EC020_G10\CMSISv1p30_LPC17xx\inc" -L"C:\Users\patricia\Documents\LPCXpresso_6.1.4_194\EC020_G10\FreeRTOS_Library\Debug" -L"C:\Users\patricia\Documents\LPCXpresso_6.1.4_194\EC020_G10\Lib_EaBaseBoard\Debug" -L"C:\Users\patricia\Documents\LPCXpresso_6.1.4_194\EC020_G10\Lib_MCU\Debug" -Xlinker --gc-sections -Xlinker -Map=Example11.map -mcpu=cortex-m3 -mthumb -T "Example11_Debug.ld" -o "Example11.axf"  ./cr_startup_lpc17.o ./ethmac.o ./ew_systick.o ./main.o ./tcpip.o   -lCMSISv1p30_LPC17xx -lFreeRTOS_Library -lLib_EaBaseBoard -lLib_MCU
Finished building target: Example11.axf
 
make --no-print-directory post-build
Performing post-build steps
arm-none-eabi-size Example11.axf; # arm-none-eabi-objcopy -O ihex Example11.axf Example11.hex ;
   text	   data	    bss	    dec	    hex	filename
  39344	     12	  12744	  52100	   cb84	Example11.axf
 
15:40:58 **** Incremental Build of configuration Debug for project CMSISv1p30_LPC17xx ****
make all 
make: Nothing to be done for `all'.
15:40:59 **** Incremental Build of configuration Debug for project FreeRTOS_Library ****
make all 
make: Nothing to be done for `all'.
15:41:00 **** Incremental Build of configuration Debug for project Example11 ****
make all 
make: Nothing to be done for `all'.
15:42:22 **** Incremental Build of configuration Debug for project CMSISv1p30_LPC17xx ****
make all 
make: Nothing to be done for `all'.
15:42:22 **** Incremental Build of configuration Debug for project FreeRTOS_Library ****
make all 
make: Nothing to be done for `all'.
15:42:24 **** Incremental Build of configuration Debug for project Example11 ****
make all 
Building file: ../main.c
Invoking: MCU C Compiler
arm-none-eabi-gcc -DDEBUG -D__USE_CMSIS=CMSISv1p30_LPC17xx -D__CODE_RED -D__REDLIB__ -I"C:\Users\patricia\Documents\LPCXpresso_6.1.4_194\EC020_G10\CMSISv1p30_LPC17xx\inc" -I"C:\Users\patricia\Documents\LPCXpresso_6.1.4_194\EC020_G10\FreeRTOS_Library\demo_code" -I"C:\Users\patricia\Documents\LPCXpresso_6.1.4_194\EC020_G10\FreeRTOS_Library\include" -I"C:\Users\patricia\Documents\LPCXpresso_6.1.4_194\EC020_G10\FreeRTOS_Library\portable" -I"C:\Users\patricia\Documents\LPCXpresso_6.1.4_194\EC020_G10\Lib_EaBaseBoard\inc" -I"C:\Users\patricia\Documents\LPCXpresso_6.1.4_194\EC020_G10\Lib_MCU\inc" -O0 -g3 -fsigned-char -c -fmessage-length=0 -fno-builtin -ffunction-sections -mcpu=cortex-m3 -mthumb -MMD -MP -MF"main.d" -MT"main.d" -o "main.o" "../main.c"
../main.c:152:6: warning: conflicting types for 'HTTPServer' [enabled by default]
Finished building: ../main.c
../main.c:122:2: note: previous implicit declaration of 'HTTPServer' was here
 
../main.c:204:6: warning: conflicting types for 'InsertDynamicValues' [enabled by default]
Building target: Example11.axf
../main.c:178:5: note: previous implicit declaration of 'InsertDynamicValues' was here
Invoking: MCU Linker
arm-none-eabi-gcc -nostdlib -L"C:\Users\patricia\Documents\LPCXpresso_6.1.4_194\EC020_G10\CMSISv1p30_LPC17xx\Debug" -L"C:\Users\patricia\Documents\LPCXpresso_6.1.4_194\EC020_G10\CMSISv1p30_LPC17xx\inc" -L"C:\Users\patricia\Documents\LPCXpresso_6.1.4_194\EC020_G10\FreeRTOS_Library\Debug" -L"C:\Users\patricia\Documents\LPCXpresso_6.1.4_194\EC020_G10\Lib_EaBaseBoard\Debug" -L"C:\Users\patricia\Documents\LPCXpresso_6.1.4_194\EC020_G10\Lib_MCU\Debug" -Xlinker --gc-sections -Xlinker -Map=Example11.map -mcpu=cortex-m3 -mthumb -T "Example11_Debug.ld" -o "Example11.axf"  ./cr_startup_lpc17.o ./ethmac.o ./ew_systick.o ./main.o ./tcpip.o   -lCMSISv1p30_LPC17xx -lFreeRTOS_Library -lLib_EaBaseBoard -lLib_MCU
Finished building target: Example11.axf
 
make --no-print-directory post-build
Performing post-build steps
arm-none-eabi-size Example11.axf; # arm-none-eabi-objcopy -O ihex Example11.axf Example11.hex ;
   text	   data	    bss	    dec	    hex	filename
  39392	     12	  12744	  52148	   cbb4	Example11.axf
 
15:42:31 **** Incremental Build of configuration Debug for project CMSISv1p30_LPC17xx ****
make all 
make: Nothing to be done for `all'.
15:42:32 **** Incremental Build of configuration Debug for project FreeRTOS_Library ****
make all 
make: Nothing to be done for `all'.
15:42:33 **** Incremental Build of configuration Debug for project Example11 ****
make all 
make: Nothing to be done for `all'.
15:43:52 **** Incremental Build of configuration Debug for project CMSISv1p30_LPC17xx ****
make all 
make: Nothing to be done for `all'.
15:43:52 **** Incremental Build of configuration Debug for project FreeRTOS_Library ****
make all 
make: Nothing to be done for `all'.
15:43:54 **** Incremental Build of configuration Debug for project Example11 ****
make all 
Building file: ../main.c
Invoking: MCU C Compiler
arm-none-eabi-gcc -DDEBUG -D__USE_CMSIS=CMSISv1p30_LPC17xx -D__CODE_RED -D__REDLIB__ -I"C:\Users\patricia\Documents\LPCXpresso_6.1.4_194\EC020_G10\CMSISv1p30_LPC17xx\inc" -I"C:\Users\patricia\Documents\LPCXpresso_6.1.4_194\EC020_G10\FreeRTOS_Library\demo_code" -I"C:\Users\patricia\Documents\LPCXpresso_6.1.4_194\EC020_G10\FreeRTOS_Library\include" -I"C:\Users\patricia\Documents\LPCXpresso_6.1.4_194\EC020_G10\FreeRTOS_Library\portable" -I"C:\Users\patricia\Documents\LPCXpresso_6.1.4_194\EC020_G10\Lib_EaBaseBoard\inc" -I"C:\Users\patricia\Documents\LPCXpresso_6.1.4_194\EC020_G10\Lib_MCU\inc" -O0 -g3 -fsigned-char -c -fmessage-length=0 -fno-builtin -ffunction-sections -mcpu=cortex-m3 -mthumb -MMD -MP -MF"main.d" -MT"main.d" -o "main.o" "../main.c"
../main.c:152:6: warning: conflicting types for 'HTTPServer' [enabled by default]
Finished building: ../main.c
../main.c:122:2: note: previous implicit declaration of 'HTTPServer' was here
 
../main.c:204:6: warning: conflicting types for 'InsertDynamicValues' [enabled by default]
Building target: Example11.axf
../main.c:178:5: note: previous implicit declaration of 'InsertDynamicValues' was here
Invoking: MCU Linker
arm-none-eabi-gcc -nostdlib -L"C:\Users\patricia\Documents\LPCXpresso_6.1.4_194\EC020_G10\CMSISv1p30_LPC17xx\Debug" -L"C:\Users\patricia\Documents\LPCXpresso_6.1.4_194\EC020_G10\CMSISv1p30_LPC17xx\inc" -L"C:\Users\patricia\Documents\LPCXpresso_6.1.4_194\EC020_G10\FreeRTOS_Library\Debug" -L"C:\Users\patricia\Documents\LPCXpresso_6.1.4_194\EC020_G10\Lib_EaBaseBoard\Debug" -L"C:\Users\patricia\Documents\LPCXpresso_6.1.4_194\EC020_G10\Lib_MCU\Debug" -Xlinker --gc-sections -Xlinker -Map=Example11.map -mcpu=cortex-m3 -mthumb -T "Example11_Debug.ld" -o "Example11.axf"  ./cr_startup_lpc17.o ./ethmac.o ./ew_systick.o ./main.o ./tcpip.o   -lCMSISv1p30_LPC17xx -lFreeRTOS_Library -lLib_EaBaseBoard -lLib_MCU
Finished building target: Example11.axf
 
make --no-print-directory post-build
Performing post-build steps
arm-none-eabi-size Example11.axf; # arm-none-eabi-objcopy -O ihex Example11.axf Example11.hex ;
   text	   data	    bss	    dec	    hex	filename
  39392	     12	  12744	  52148	   cbb4	Example11.axf
 
15:43:59 **** Incremental Build of configuration Debug for project CMSISv1p30_LPC17xx ****
make all 
make: Nothing to be done for `all'.
15:44:00 **** Incremental Build of configuration Debug for project FreeRTOS_Library ****
make all 
make: Nothing to be done for `all'.
15:44:01 **** Incremental Build of configuration Debug for project Example11 ****
make all 
make: Nothing to be done for `all'.
